Archive member included to satisfy reference by file (symbol)

/Users/scott/repo/oss/elf2x68k/m68k-xelf/lib/gcc/m68k-elf/13.3.0/../../../../m68k-elf/lib/libc.a(libc_a-strlen.o)
                              kernel/vram.o (strlen)
/Users/scott/repo/oss/elf2x68k/m68k-xelf/lib/gcc/m68k-elf/13.3.0/../../../../m68k-elf/lib/libx68k.a(crt1.o)
                              /Users/scott/repo/oss/elf2x68k/m68k-xelf/lib/gcc/m68k-elf/13.3.0/../../../../m68k-elf/lib/x68kcrt0.o (__crt1_startup)
/Users/scott/repo/oss/elf2x68k/m68k-xelf/lib/gcc/m68k-elf/13.3.0/../../../../m68k-elf/lib/libx68kdos.a(vernum.o)
                              /Users/scott/repo/oss/elf2x68k/m68k-xelf/lib/gcc/m68k-elf/13.3.0/../../../../m68k-elf/lib/libx68k.a(crt1.o) (_dos_vernum)
/Users/scott/repo/oss/elf2x68k/m68k-xelf/lib/gcc/m68k-elf/13.3.0/../../../../m68k-elf/lib/libx68kiocs.a(gpalet.o)
                              kernel/vram.o (_iocs_gpalet)
/Users/scott/repo/oss/elf2x68k/m68k-xelf/lib/gcc/m68k-elf/13.3.0/../../../../m68k-elf/lib/libx68kiocs.a(ontime.o)
                              /Users/scott/repo/oss/elf2x68k/m68k-xelf/lib/gcc/m68k-elf/13.3.0/../../../../m68k-elf/lib/libx68k.a(crt1.o) (_iocs_ontime)
/Users/scott/repo/oss/elf2x68k/m68k-xelf/lib/gcc/m68k-elf/13.3.0/../../../../m68k-elf/lib/libc.a(libc_a-atexit.o)
                              /Users/scott/repo/oss/elf2x68k/m68k-xelf/lib/gcc/m68k-elf/13.3.0/../../../../m68k-elf/lib/libx68k.a(crt1.o) (atexit)
/Users/scott/repo/oss/elf2x68k/m68k-xelf/lib/gcc/m68k-elf/13.3.0/../../../../m68k-elf/lib/libc.a(libc_a-environ.o)
                              /Users/scott/repo/oss/elf2x68k/m68k-xelf/lib/gcc/m68k-elf/13.3.0/../../../../m68k-elf/lib/libx68k.a(crt1.o) (environ)
/Users/scott/repo/oss/elf2x68k/m68k-xelf/lib/gcc/m68k-elf/13.3.0/../../../../m68k-elf/lib/libc.a(libc_a-exit.o)
                              /Users/scott/repo/oss/elf2x68k/m68k-xelf/lib/gcc/m68k-elf/13.3.0/../../../../m68k-elf/lib/libx68k.a(crt1.o) (exit)
/Users/scott/repo/oss/elf2x68k/m68k-xelf/lib/gcc/m68k-elf/13.3.0/../../../../m68k-elf/lib/libc.a(libc_a-malloc.o)
                              /Users/scott/repo/oss/elf2x68k/m68k-xelf/lib/gcc/m68k-elf/13.3.0/../../../../m68k-elf/lib/libx68k.a(crt1.o) (malloc)
/Users/scott/repo/oss/elf2x68k/m68k-xelf/lib/gcc/m68k-elf/13.3.0/../../../../m68k-elf/lib/libc.a(libc_a-mallocr.o)
                              /Users/scott/repo/oss/elf2x68k/m68k-xelf/lib/gcc/m68k-elf/13.3.0/../../../../m68k-elf/lib/libc.a(libc_a-malloc.o) (_malloc_r)
/Users/scott/repo/oss/elf2x68k/m68k-xelf/lib/gcc/m68k-elf/13.3.0/../../../../m68k-elf/lib/libc.a(libc_a-mlock.o)
                              /Users/scott/repo/oss/elf2x68k/m68k-xelf/lib/gcc/m68k-elf/13.3.0/../../../../m68k-elf/lib/libc.a(libc_a-mallocr.o) (__malloc_lock)
/Users/scott/repo/oss/elf2x68k/m68k-xelf/lib/gcc/m68k-elf/13.3.0/../../../../m68k-elf/lib/libc.a(libc_a-findfp.o)
                              /Users/scott/repo/oss/elf2x68k/m68k-xelf/lib/gcc/m68k-elf/13.3.0/../../../../m68k-elf/lib/libc.a(libc_a-exit.o) (__stdio_exit_handler)
/Users/scott/repo/oss/elf2x68k/m68k-xelf/lib/gcc/m68k-elf/13.3.0/../../../../m68k-elf/lib/libc.a(libc_a-fwalk.o)
                              /Users/scott/repo/oss/elf2x68k/m68k-xelf/lib/gcc/m68k-elf/13.3.0/../../../../m68k-elf/lib/libc.a(libc_a-findfp.o) (_fwalk_sglue)
/Users/scott/repo/oss/elf2x68k/m68k-xelf/lib/gcc/m68k-elf/13.3.0/../../../../m68k-elf/lib/libc.a(libc_a-stdio.o)
                              /Users/scott/repo/oss/elf2x68k/m68k-xelf/lib/gcc/m68k-elf/13.3.0/../../../../m68k-elf/lib/libc.a(libc_a-findfp.o) (__sread)
/Users/scott/repo/oss/elf2x68k/m68k-xelf/lib/gcc/m68k-elf/13.3.0/../../../../m68k-elf/lib/libc.a(libc_a-strcat.o)
                              /Users/scott/repo/oss/elf2x68k/m68k-xelf/lib/gcc/m68k-elf/13.3.0/../../../../m68k-elf/lib/libx68k.a(crt1.o) (strcat)
/Users/scott/repo/oss/elf2x68k/m68k-xelf/lib/gcc/m68k-elf/13.3.0/../../../../m68k-elf/lib/libc.a(libc_a-closer.o)
                              /Users/scott/repo/oss/elf2x68k/m68k-xelf/lib/gcc/m68k-elf/13.3.0/../../../../m68k-elf/lib/libc.a(libc_a-stdio.o) (_close_r)
/Users/scott/repo/oss/elf2x68k/m68k-xelf/lib/gcc/m68k-elf/13.3.0/../../../../m68k-elf/lib/libc.a(libc_a-reent.o)
                              /Users/scott/repo/oss/elf2x68k/m68k-xelf/lib/gcc/m68k-elf/13.3.0/../../../../m68k-elf/lib/libc.a(libc_a-closer.o) (errno)
/Users/scott/repo/oss/elf2x68k/m68k-xelf/lib/gcc/m68k-elf/13.3.0/../../../../m68k-elf/lib/libc.a(libc_a-impure.o)
                              /Users/scott/repo/oss/elf2x68k/m68k-xelf/lib/gcc/m68k-elf/13.3.0/../../../../m68k-elf/lib/libc.a(libc_a-malloc.o) (_impure_ptr)
/Users/scott/repo/oss/elf2x68k/m68k-xelf/lib/gcc/m68k-elf/13.3.0/../../../../m68k-elf/lib/libc.a(libc_a-lseekr.o)
                              /Users/scott/repo/oss/elf2x68k/m68k-xelf/lib/gcc/m68k-elf/13.3.0/../../../../m68k-elf/lib/libc.a(libc_a-stdio.o) (_lseek_r)
/Users/scott/repo/oss/elf2x68k/m68k-xelf/lib/gcc/m68k-elf/13.3.0/../../../../m68k-elf/lib/libc.a(libc_a-readr.o)
                              /Users/scott/repo/oss/elf2x68k/m68k-xelf/lib/gcc/m68k-elf/13.3.0/../../../../m68k-elf/lib/libc.a(libc_a-stdio.o) (_read_r)
/Users/scott/repo/oss/elf2x68k/m68k-xelf/lib/gcc/m68k-elf/13.3.0/../../../../m68k-elf/lib/libc.a(libc_a-sbrkr.o)
                              /Users/scott/repo/oss/elf2x68k/m68k-xelf/lib/gcc/m68k-elf/13.3.0/../../../../m68k-elf/lib/libc.a(libc_a-mallocr.o) (_sbrk_r)
/Users/scott/repo/oss/elf2x68k/m68k-xelf/lib/gcc/m68k-elf/13.3.0/../../../../m68k-elf/lib/libc.a(libc_a-writer.o)
                              /Users/scott/repo/oss/elf2x68k/m68k-xelf/lib/gcc/m68k-elf/13.3.0/../../../../m68k-elf/lib/libc.a(libc_a-stdio.o) (_write_r)
/Users/scott/repo/oss/elf2x68k/m68k-xelf/lib/gcc/m68k-elf/13.3.0/../../../../m68k-elf/lib/libc.a(libc_a-errno.o)
                              /Users/scott/repo/oss/elf2x68k/m68k-xelf/lib/gcc/m68k-elf/13.3.0/../../../../m68k-elf/lib/libx68k.a(crt1.o) (__errno)
/Users/scott/repo/oss/elf2x68k/m68k-xelf/lib/gcc/m68k-elf/13.3.0/../../../../m68k-elf/lib/libc.a(libc_a-strcpy.o)
                              /Users/scott/repo/oss/elf2x68k/m68k-xelf/lib/gcc/m68k-elf/13.3.0/../../../../m68k-elf/lib/libx68k.a(crt1.o) (strcpy)
/Users/scott/repo/oss/elf2x68k/m68k-xelf/lib/gcc/m68k-elf/13.3.0/../../../../m68k-elf/lib/libc.a(libc_a-memset.o)
                              /Users/scott/repo/oss/elf2x68k/m68k-xelf/lib/gcc/m68k-elf/13.3.0/../../../../m68k-elf/lib/libc.a(libc_a-findfp.o) (memset)
/Users/scott/repo/oss/elf2x68k/m68k-xelf/lib/gcc/m68k-elf/13.3.0/../../../../m68k-elf/lib/libc.a(libc_a-__atexit.o)
                              /Users/scott/repo/oss/elf2x68k/m68k-xelf/lib/gcc/m68k-elf/13.3.0/../../../../m68k-elf/lib/libc.a(libc_a-atexit.o) (__register_exitproc)
/Users/scott/repo/oss/elf2x68k/m68k-xelf/lib/gcc/m68k-elf/13.3.0/../../../../m68k-elf/lib/libc.a(libc_a-__call_atexit.o)
                              /Users/scott/repo/oss/elf2x68k/m68k-xelf/lib/gcc/m68k-elf/13.3.0/../../../../m68k-elf/lib/libc.a(libc_a-exit.o) (__call_exitprocs)
/Users/scott/repo/oss/elf2x68k/m68k-xelf/lib/gcc/m68k-elf/13.3.0/../../../../m68k-elf/lib/libc.a(libc_a-freer.o)
                              /Users/scott/repo/oss/elf2x68k/m68k-xelf/lib/gcc/m68k-elf/13.3.0/../../../../m68k-elf/lib/libc.a(libc_a-malloc.o) (_free_r)
/Users/scott/repo/oss/elf2x68k/m68k-xelf/lib/gcc/m68k-elf/13.3.0/../../../../m68k-elf/lib/libc.a(libc_a-fclose.o)
                              /Users/scott/repo/oss/elf2x68k/m68k-xelf/lib/gcc/m68k-elf/13.3.0/../../../../m68k-elf/lib/libc.a(libc_a-findfp.o) (_fclose_r)
/Users/scott/repo/oss/elf2x68k/m68k-xelf/lib/gcc/m68k-elf/13.3.0/../../../../m68k-elf/lib/libc.a(libc_a-fflush.o)
                              /Users/scott/repo/oss/elf2x68k/m68k-xelf/lib/gcc/m68k-elf/13.3.0/../../../../m68k-elf/lib/libc.a(libc_a-fclose.o) (__sflush_r)
/Users/scott/repo/oss/elf2x68k/m68k-xelf/lib/gcc/m68k-elf/13.3.0/../../../../m68k-elf/lib/libx68k.a(close.o)
                              /Users/scott/repo/oss/elf2x68k/m68k-xelf/lib/gcc/m68k-elf/13.3.0/../../../../m68k-elf/lib/libc.a(libc_a-closer.o) (close)
/Users/scott/repo/oss/elf2x68k/m68k-xelf/lib/gcc/m68k-elf/13.3.0/../../../../m68k-elf/lib/libx68k.a(lseek.o)
                              /Users/scott/repo/oss/elf2x68k/m68k-xelf/lib/gcc/m68k-elf/13.3.0/../../../../m68k-elf/lib/libc.a(libc_a-lseekr.o) (lseek)
/Users/scott/repo/oss/elf2x68k/m68k-xelf/lib/gcc/m68k-elf/13.3.0/../../../../m68k-elf/lib/libx68k.a(read.o)
                              /Users/scott/repo/oss/elf2x68k/m68k-xelf/lib/gcc/m68k-elf/13.3.0/../../../../m68k-elf/lib/libc.a(libc_a-readr.o) (read)
/Users/scott/repo/oss/elf2x68k/m68k-xelf/lib/gcc/m68k-elf/13.3.0/../../../../m68k-elf/lib/libx68k.a(sbrk.o)
                              /Users/scott/repo/oss/elf2x68k/m68k-xelf/lib/gcc/m68k-elf/13.3.0/../../../../m68k-elf/lib/libc.a(libc_a-sbrkr.o) (sbrk)
/Users/scott/repo/oss/elf2x68k/m68k-xelf/lib/gcc/m68k-elf/13.3.0/../../../../m68k-elf/lib/libx68k.a(write.o)
                              /Users/scott/repo/oss/elf2x68k/m68k-xelf/lib/gcc/m68k-elf/13.3.0/../../../../m68k-elf/lib/libc.a(libc_a-writer.o) (write)
/Users/scott/repo/oss/elf2x68k/m68k-xelf/lib/gcc/m68k-elf/13.3.0/../../../../m68k-elf/lib/libx68k.a(_exit.o)
                              /Users/scott/repo/oss/elf2x68k/m68k-xelf/lib/gcc/m68k-elf/13.3.0/../../../../m68k-elf/lib/libc.a(libc_a-exit.o) (_exit)
/Users/scott/repo/oss/elf2x68k/m68k-xelf/lib/gcc/m68k-elf/13.3.0/../../../../m68k-elf/lib/libx68k.a(fds.o)
                              /Users/scott/repo/oss/elf2x68k/m68k-xelf/lib/gcc/m68k-elf/13.3.0/../../../../m68k-elf/lib/libx68k.a(read.o) (__fd_list)
/Users/scott/repo/oss/elf2x68k/m68k-xelf/lib/gcc/m68k-elf/13.3.0/../../../../m68k-elf/lib/libx68k.a(_doserror.o)
                              /Users/scott/repo/oss/elf2x68k/m68k-xelf/lib/gcc/m68k-elf/13.3.0/../../../../m68k-elf/lib/libx68k.a(close.o) (__doserr2errno)
/Users/scott/repo/oss/elf2x68k/m68k-xelf/lib/gcc/m68k-elf/13.3.0/../../../../m68k-elf/lib/libx68k.a(isatty.o)
                              /Users/scott/repo/oss/elf2x68k/m68k-xelf/lib/gcc/m68k-elf/13.3.0/../../../../m68k-elf/lib/libx68k.a(read.o) (isatty)
/Users/scott/repo/oss/elf2x68k/m68k-xelf/lib/gcc/m68k-elf/13.3.0/../../../../m68k-elf/lib/libx68kdos.a(allclose.o)
                              /Users/scott/repo/oss/elf2x68k/m68k-xelf/lib/gcc/m68k-elf/13.3.0/../../../../m68k-elf/lib/libx68k.a(fds.o) (_dos_allclose)
/Users/scott/repo/oss/elf2x68k/m68k-xelf/lib/gcc/m68k-elf/13.3.0/../../../../m68k-elf/lib/libx68kdos.a(close.o)
                              /Users/scott/repo/oss/elf2x68k/m68k-xelf/lib/gcc/m68k-elf/13.3.0/../../../../m68k-elf/lib/libx68k.a(close.o) (_dos_close)
/Users/scott/repo/oss/elf2x68k/m68k-xelf/lib/gcc/m68k-elf/13.3.0/../../../../m68k-elf/lib/libx68kdos.a(exit2.o)
                              /Users/scott/repo/oss/elf2x68k/m68k-xelf/lib/gcc/m68k-elf/13.3.0/../../../../m68k-elf/lib/libx68k.a(_exit.o) (_dos_exit2)
/Users/scott/repo/oss/elf2x68k/m68k-xelf/lib/gcc/m68k-elf/13.3.0/../../../../m68k-elf/lib/libx68kdos.a(read.o)
                              /Users/scott/repo/oss/elf2x68k/m68k-xelf/lib/gcc/m68k-elf/13.3.0/../../../../m68k-elf/lib/libx68k.a(read.o) (_dos_read)
/Users/scott/repo/oss/elf2x68k/m68k-xelf/lib/gcc/m68k-elf/13.3.0/../../../../m68k-elf/lib/libx68kdos.a(seek.o)
                              /Users/scott/repo/oss/elf2x68k/m68k-xelf/lib/gcc/m68k-elf/13.3.0/../../../../m68k-elf/lib/libx68k.a(lseek.o) (_dos_seek)
/Users/scott/repo/oss/elf2x68k/m68k-xelf/lib/gcc/m68k-elf/13.3.0/../../../../m68k-elf/lib/libx68kdos.a(setblock.o)
                              /Users/scott/repo/oss/elf2x68k/m68k-xelf/lib/gcc/m68k-elf/13.3.0/../../../../m68k-elf/lib/libx68k.a(sbrk.o) (_dos_setblock)
/Users/scott/repo/oss/elf2x68k/m68k-xelf/lib/gcc/m68k-elf/13.3.0/../../../../m68k-elf/lib/libx68kdos.a(write.o)
                              /Users/scott/repo/oss/elf2x68k/m68k-xelf/lib/gcc/m68k-elf/13.3.0/../../../../m68k-elf/lib/libx68k.a(write.o) (_dos_write)
/Users/scott/repo/oss/elf2x68k/m68k-xelf/lib/gcc/m68k-elf/13.3.0/../../../../m68k-elf/lib/libc.a(libc_a-strdup.o)
                              /Users/scott/repo/oss/elf2x68k/m68k-xelf/lib/gcc/m68k-elf/13.3.0/../../../../m68k-elf/lib/libx68k.a(fds.o) (strdup)
/Users/scott/repo/oss/elf2x68k/m68k-xelf/lib/gcc/m68k-elf/13.3.0/../../../../m68k-elf/lib/libc.a(libc_a-strdup_r.o)
                              /Users/scott/repo/oss/elf2x68k/m68k-xelf/lib/gcc/m68k-elf/13.3.0/../../../../m68k-elf/lib/libc.a(libc_a-strdup.o) (_strdup_r)
/Users/scott/repo/oss/elf2x68k/m68k-xelf/lib/gcc/m68k-elf/13.3.0/../../../../m68k-elf/lib/libc.a(libc_a-memcpy.o)
                              /Users/scott/repo/oss/elf2x68k/m68k-xelf/lib/gcc/m68k-elf/13.3.0/../../../../m68k-elf/lib/libc.a(libc_a-strdup_r.o) (memcpy)

Allocating common symbols
Common symbol       size              file

_PSP                0x4               /Users/scott/repo/oss/elf2x68k/m68k-xelf/lib/gcc/m68k-elf/13.3.0/../../../../m68k-elf/lib/x68kcrt0.o
_SSTA               0x4               /Users/scott/repo/oss/elf2x68k/m68k-xelf/lib/gcc/m68k-elf/13.3.0/../../../../m68k-elf/lib/x68kcrt0.o
_BSTA               0x4               /Users/scott/repo/oss/elf2x68k/m68k-xelf/lib/gcc/m68k-elf/13.3.0/../../../../m68k-elf/lib/x68kcrt0.o
_SEND               0x4               /Users/scott/repo/oss/elf2x68k/m68k-xelf/lib/gcc/m68k-elf/13.3.0/../../../../m68k-elf/lib/x68kcrt0.o
_PSTA               0x4               /Users/scott/repo/oss/elf2x68k/m68k-xelf/lib/gcc/m68k-elf/13.3.0/../../../../m68k-elf/lib/x68kcrt0.o
_HSTA               0x4               /Users/scott/repo/oss/elf2x68k/m68k-xelf/lib/gcc/m68k-elf/13.3.0/../../../../m68k-elf/lib/x68kcrt0.o
_PEND               0x4               /Users/scott/repo/oss/elf2x68k/m68k-xelf/lib/gcc/m68k-elf/13.3.0/../../../../m68k-elf/lib/x68kcrt0.o
_MCB                0x4               /Users/scott/repo/oss/elf2x68k/m68k-xelf/lib/gcc/m68k-elf/13.3.0/../../../../m68k-elf/lib/x68kcrt0.o
_HEND               0x4               /Users/scott/repo/oss/elf2x68k/m68k-xelf/lib/gcc/m68k-elf/13.3.0/../../../../m68k-elf/lib/x68kcrt0.o
_ENV0               0x4               /Users/scott/repo/oss/elf2x68k/m68k-xelf/lib/gcc/m68k-elf/13.3.0/../../../../m68k-elf/lib/x68kcrt0.o
_BEND               0x4               /Users/scott/repo/oss/elf2x68k/m68k-xelf/lib/gcc/m68k-elf/13.3.0/../../../../m68k-elf/lib/x68kcrt0.o
_cmdline            0x4               /Users/scott/repo/oss/elf2x68k/m68k-xelf/lib/gcc/m68k-elf/13.3.0/../../../../m68k-elf/lib/x68kcrt0.o
_HMAX               0x4               /Users/scott/repo/oss/elf2x68k/m68k-xelf/lib/gcc/m68k-elf/13.3.0/../../../../m68k-elf/lib/x68kcrt0.o

There are no discarded input sections

Memory Configuration

Name             Origin             Length             Attributes
*default*        0x00000000         0xffffffff
RAM              0x00010000         0x00200000         xrw

Linker script and memory map

Address of section .text set to 0x0

.text           0x00000000     0x29a2
 *(.text .text.*)
 .text          0x00000000       0xf8 /Users/scott/repo/oss/elf2x68k/m68k-xelf/lib/gcc/m68k-elf/13.3.0/../../../../m68k-elf/lib/x68kcrt0.o
                0x00000018                __cxx_x68k_odd_relocation
 .text          0x000000f8       0xf0 /Users/scott/repo/oss/elf2x68k/m68k-xelf/lib/gcc/m68k-elf/13.3.0/crtbegin.o
 .text          0x000001e8        0x0 kernel/main.o
 .text.startup  0x000001e8        0x2 kernel/main.o
                0x000001e8                main
 *fill*         0x000001ea        0x2 
 .text          0x000001ec       0x10 kernel/crtc.o
                0x000001ec                get_crtc_reg
 .text          0x000001fc       0x18 kernel/kernel.o
                0x000001fc                wait_for_vsync
 .text          0x00000214      0x3d8 kernel/vram.o
                0x00000214                clear_vram
                0x0000026a                clear_vram_fast
                0x0000027a                wait_for_clear_vram_completion
                0x0000028a                fill_rect
                0x000002e8                fill_vram
                0x00000346                put_char
                0x000004c2                print
                0x0000051e                init_palette
 .text          0x000005ec       0x14 /Users/scott/repo/oss/elf2x68k/m68k-xelf/lib/gcc/m68k-elf/13.3.0/../../../../m68k-elf/lib/libc.a(libc_a-strlen.o)
                0x000005ec                strlen
 .text          0x00000600      0x364 /Users/scott/repo/oss/elf2x68k/m68k-xelf/lib/gcc/m68k-elf/13.3.0/../../../../m68k-elf/lib/libx68k.a(crt1.o)
                0x000008f2                __crt1_startup
 .text          0x00000964        0x4 /Users/scott/repo/oss/elf2x68k/m68k-xelf/lib/gcc/m68k-elf/13.3.0/../../../../m68k-elf/lib/libx68kdos.a(vernum.o)
                0x00000964                _dos_vernum
 .text          0x00000968       0x10 /Users/scott/repo/oss/elf2x68k/m68k-xelf/lib/gcc/m68k-elf/13.3.0/../../../../m68k-elf/lib/libx68kiocs.a(gpalet.o)
                0x00000968                _iocs_gpalet
 .text          0x00000978        0x6 /Users/scott/repo/oss/elf2x68k/m68k-xelf/lib/gcc/m68k-elf/13.3.0/../../../../m68k-elf/lib/libx68kiocs.a(ontime.o)
                0x00000978                _iocs_ontime
 *fill*         0x0000097e        0x2 
 .text          0x00000980       0x16 /Users/scott/repo/oss/elf2x68k/m68k-xelf/lib/gcc/m68k-elf/13.3.0/../../../../m68k-elf/lib/libc.a(libc_a-atexit.o)
                0x00000980                atexit
 *fill*         0x00000996        0x2 
 .text          0x00000998        0x0 /Users/scott/repo/oss/elf2x68k/m68k-xelf/lib/gcc/m68k-elf/13.3.0/../../../../m68k-elf/lib/libc.a(libc_a-environ.o)
 .text          0x00000998       0x28 /Users/scott/repo/oss/elf2x68k/m68k-xelf/lib/gcc/m68k-elf/13.3.0/../../../../m68k-elf/lib/libc.a(libc_a-exit.o)
                0x00000998                exit
 .text          0x000009c0       0x28 /Users/scott/repo/oss/elf2x68k/m68k-xelf/lib/gcc/m68k-elf/13.3.0/../../../../m68k-elf/lib/libc.a(libc_a-malloc.o)
                0x000009c0                malloc
                0x000009d4                free
 .text          0x000009e8      0x856 /Users/scott/repo/oss/elf2x68k/m68k-xelf/lib/gcc/m68k-elf/13.3.0/../../../../m68k-elf/lib/libc.a(libc_a-mallocr.o)
                0x000009e8                _malloc_r
 *fill*         0x0000123e        0x2 
 .text          0x00001240        0x4 /Users/scott/repo/oss/elf2x68k/m68k-xelf/lib/gcc/m68k-elf/13.3.0/../../../../m68k-elf/lib/libc.a(libc_a-mlock.o)
                0x00001240                __malloc_lock
                0x00001242                __malloc_unlock
 .text          0x00001244      0x342 /Users/scott/repo/oss/elf2x68k/m68k-xelf/lib/gcc/m68k-elf/13.3.0/../../../../m68k-elf/lib/libc.a(libc_a-findfp.o)
                0x00001434                __sfp
                0x00001532                __sinit
                0x00001552                __sfp_lock_acquire
                0x00001554                __sfp_lock_release
                0x00001556                __fp_lock_all
                0x0000156e                __fp_unlock_all
 *fill*         0x00001586        0x2 
 .text          0x00001588       0x56 /Users/scott/repo/oss/elf2x68k/m68k-xelf/lib/gcc/m68k-elf/13.3.0/../../../../m68k-elf/lib/libc.a(libc_a-fwalk.o)
                0x00001588                _fwalk_sglue
 *fill*         0x000015de        0x2 
 .text          0x000015e0      0x114 /Users/scott/repo/oss/elf2x68k/m68k-xelf/lib/gcc/m68k-elf/13.3.0/../../../../m68k-elf/lib/libc.a(libc_a-stdio.o)
                0x000015e0                __sread
                0x00001618                __seofread
                0x0000161c                __swrite
                0x000016a2                __sseek
                0x000016e2                __sclose
 .text          0x000016f4       0x5a /Users/scott/repo/oss/elf2x68k/m68k-xelf/lib/gcc/m68k-elf/13.3.0/../../../../m68k-elf/lib/libc.a(libc_a-strcat.o)
                0x000016f4                strcat
 *fill*         0x0000174e        0x2 
 .text          0x00001750       0x2a /Users/scott/repo/oss/elf2x68k/m68k-xelf/lib/gcc/m68k-elf/13.3.0/../../../../m68k-elf/lib/libc.a(libc_a-closer.o)
                0x00001750                _close_r
 *fill*         0x0000177a        0x2 
 .text          0x0000177c       0xb6 /Users/scott/repo/oss/elf2x68k/m68k-xelf/lib/gcc/m68k-elf/13.3.0/../../../../m68k-elf/lib/libc.a(libc_a-reent.o)
                0x0000177c                _reclaim_reent
 *fill*         0x00001832        0x2 
 .text          0x00001834        0x0 /Users/scott/repo/oss/elf2x68k/m68k-xelf/lib/gcc/m68k-elf/13.3.0/../../../../m68k-elf/lib/libc.a(libc_a-impure.o)
 .text          0x00001834       0x34 /Users/scott/repo/oss/elf2x68k/m68k-xelf/lib/gcc/m68k-elf/13.3.0/../../../../m68k-elf/lib/libc.a(libc_a-lseekr.o)
                0x00001834                _lseek_r
 .text          0x00001868       0x34 /Users/scott/repo/oss/elf2x68k/m68k-xelf/lib/gcc/m68k-elf/13.3.0/../../../../m68k-elf/lib/libc.a(libc_a-readr.o)
                0x00001868                _read_r
 .text          0x0000189c       0x2a /Users/scott/repo/oss/elf2x68k/m68k-xelf/lib/gcc/m68k-elf/13.3.0/../../../../m68k-elf/lib/libc.a(libc_a-sbrkr.o)
                0x0000189c                _sbrk_r
 *fill*         0x000018c6        0x2 
 .text          0x000018c8       0x34 /Users/scott/repo/oss/elf2x68k/m68k-xelf/lib/gcc/m68k-elf/13.3.0/../../../../m68k-elf/lib/libc.a(libc_a-writer.o)
                0x000018c8                _write_r
 .text          0x000018fc        0x8 /Users/scott/repo/oss/elf2x68k/m68k-xelf/lib/gcc/m68k-elf/13.3.0/../../../../m68k-elf/lib/libc.a(libc_a-errno.o)
                0x000018fc                __errno
 .text          0x00001904       0x14 /Users/scott/repo/oss/elf2x68k/m68k-xelf/lib/gcc/m68k-elf/13.3.0/../../../../m68k-elf/lib/libc.a(libc_a-strcpy.o)
                0x00001904                strcpy
 .text          0x00001918       0x72 /Users/scott/repo/oss/elf2x68k/m68k-xelf/lib/gcc/m68k-elf/13.3.0/../../../../m68k-elf/lib/libc.a(libc_a-memset.o)
                0x00001918                memset
 *fill*         0x0000198a        0x2 
 .text          0x0000198c       0x90 /Users/scott/repo/oss/elf2x68k/m68k-xelf/lib/gcc/m68k-elf/13.3.0/../../../../m68k-elf/lib/libc.a(libc_a-__atexit.o)
                0x0000198c                __register_exitproc
 .text          0x00001a1c       0xbc /Users/scott/repo/oss/elf2x68k/m68k-xelf/lib/gcc/m68k-elf/13.3.0/../../../../m68k-elf/lib/libc.a(libc_a-__call_atexit.o)
                0x00001a1c                __call_exitprocs
 .text          0x00001ad8      0x42a /Users/scott/repo/oss/elf2x68k/m68k-xelf/lib/gcc/m68k-elf/13.3.0/../../../../m68k-elf/lib/libc.a(libc_a-freer.o)
                0x00001ad8                _malloc_trim_r
                0x00001bb2                _free_r
 *fill*         0x00001f02        0x2 
 .text          0x00001f04       0xea /Users/scott/repo/oss/elf2x68k/m68k-xelf/lib/gcc/m68k-elf/13.3.0/../../../../m68k-elf/lib/libc.a(libc_a-fclose.o)
                0x00001f04                _fclose_r
                0x00001fdc                fclose
 *fill*         0x00001fee        0x2 
 .text          0x00001ff0      0x26c /Users/scott/repo/oss/elf2x68k/m68k-xelf/lib/gcc/m68k-elf/13.3.0/../../../../m68k-elf/lib/libc.a(libc_a-fflush.o)
                0x00001ff0                __sflush_r
                0x000021aa                _fflush_r
                0x000021ec                fflush
 .text          0x0000225c       0x58 /Users/scott/repo/oss/elf2x68k/m68k-xelf/lib/gcc/m68k-elf/13.3.0/../../../../m68k-elf/lib/libx68k.a(close.o)
                0x0000225c                close
 .text          0x000022b4       0x54 /Users/scott/repo/oss/elf2x68k/m68k-xelf/lib/gcc/m68k-elf/13.3.0/../../../../m68k-elf/lib/libx68k.a(lseek.o)
                0x000022b4                lseek
 .text          0x00002308      0x170 /Users/scott/repo/oss/elf2x68k/m68k-xelf/lib/gcc/m68k-elf/13.3.0/../../../../m68k-elf/lib/libx68k.a(read.o)
                0x00002308                read
 .text          0x00002478       0x9c /Users/scott/repo/oss/elf2x68k/m68k-xelf/lib/gcc/m68k-elf/13.3.0/../../../../m68k-elf/lib/libx68k.a(sbrk.o)
                0x00002478                sbrk
 .text          0x00002514      0x17e /Users/scott/repo/oss/elf2x68k/m68k-xelf/lib/gcc/m68k-elf/13.3.0/../../../../m68k-elf/lib/libx68k.a(write.o)
                0x00002514                write
 *fill*         0x00002692        0x2 
 .text          0x00002694       0x14 /Users/scott/repo/oss/elf2x68k/m68k-xelf/lib/gcc/m68k-elf/13.3.0/../../../../m68k-elf/lib/libx68k.a(_exit.o)
                0x00002694                _exit
 .text          0x000026a8       0xf6 /Users/scott/repo/oss/elf2x68k/m68k-xelf/lib/gcc/m68k-elf/13.3.0/../../../../m68k-elf/lib/libx68k.a(fds.o)
                0x000026a8                __fd_assign
                0x00002712                __fd_remove
                0x00002770                __fd_exit_clean
 *fill*         0x0000279e        0x2 
 .text          0x000027a0       0x3e /Users/scott/repo/oss/elf2x68k/m68k-xelf/lib/gcc/m68k-elf/13.3.0/../../../../m68k-elf/lib/libx68k.a(_doserror.o)
                0x000027a0                __doserr2errno
 *fill*         0x000027de        0x2 
 .text          0x000027e0       0x1a /Users/scott/repo/oss/elf2x68k/m68k-xelf/lib/gcc/m68k-elf/13.3.0/../../../../m68k-elf/lib/libx68k.a(isatty.o)
                0x000027e0                isatty
 *fill*         0x000027fa        0x2 
 .text          0x000027fc        0x4 /Users/scott/repo/oss/elf2x68k/m68k-xelf/lib/gcc/m68k-elf/13.3.0/../../../../m68k-elf/lib/libx68kdos.a(allclose.o)
                0x000027fc                _dos_allclose
 .text          0x00002800        0xa /Users/scott/repo/oss/elf2x68k/m68k-xelf/lib/gcc/m68k-elf/13.3.0/../../../../m68k-elf/lib/libx68kdos.a(close.o)
                0x00002800                _dos_close
 *fill*         0x0000280a        0x2 
 .text          0x0000280c        0x6 /Users/scott/repo/oss/elf2x68k/m68k-xelf/lib/gcc/m68k-elf/13.3.0/../../../../m68k-elf/lib/libx68kdos.a(exit2.o)
                0x0000280c                _dos_exit2
 *fill*         0x00002812        0x2 
 .text          0x00002814       0x14 /Users/scott/repo/oss/elf2x68k/m68k-xelf/lib/gcc/m68k-elf/13.3.0/../../../../m68k-elf/lib/libx68kdos.a(read.o)
                0x00002814                _dos_read
 .text          0x00002828       0x12 /Users/scott/repo/oss/elf2x68k/m68k-xelf/lib/gcc/m68k-elf/13.3.0/../../../../m68k-elf/lib/libx68kdos.a(seek.o)
                0x00002828                _dos_seek
 *fill*         0x0000283a        0x2 
 .text          0x0000283c        0xe /Users/scott/repo/oss/elf2x68k/m68k-xelf/lib/gcc/m68k-elf/13.3.0/../../../../m68k-elf/lib/libx68kdos.a(setblock.o)
                0x0000283c                _dos_setblock
 *fill*         0x0000284a        0x2 
 .text          0x0000284c       0x14 /Users/scott/repo/oss/elf2x68k/m68k-xelf/lib/gcc/m68k-elf/13.3.0/../../../../m68k-elf/lib/libx68kdos.a(write.o)
                0x0000284c                _dos_write
 .text          0x00002860       0x14 /Users/scott/repo/oss/elf2x68k/m68k-xelf/lib/gcc/m68k-elf/13.3.0/../../../../m68k-elf/lib/libc.a(libc_a-strdup.o)
                0x00002860                strdup
 .text          0x00002874       0x40 /Users/scott/repo/oss/elf2x68k/m68k-xelf/lib/gcc/m68k-elf/13.3.0/../../../../m68k-elf/lib/libc.a(libc_a-strdup_r.o)
                0x00002874                _strdup_r
 .text          0x000028b4       0x6e /Users/scott/repo/oss/elf2x68k/m68k-xelf/lib/gcc/m68k-elf/13.3.0/../../../../m68k-elf/lib/libc.a(libc_a-memcpy.o)
                0x000028b4                memcpy
 *fill*         0x00002922        0x2 
 .text          0x00002924       0x24 /Users/scott/repo/oss/elf2x68k/m68k-xelf/lib/gcc/m68k-elf/13.3.0/crtend.o
                0x00002948                        . = ALIGN (0x4)
 *crtbegin.o(.ctors)
 .ctors         0x00002948        0x4 /Users/scott/repo/oss/elf2x68k/m68k-xelf/lib/gcc/m68k-elf/13.3.0/crtbegin.o
 *(EXCLUDE_FILE(*crtend.o) .ctors)
 *(SORT_BY_NAME(.ctors.*))
 *(.ctors)
 .ctors         0x0000294c        0x4 /Users/scott/repo/oss/elf2x68k/m68k-xelf/lib/gcc/m68k-elf/13.3.0/crtend.o
 *crtbegin.o(.dtors)
 .dtors         0x00002950        0x4 /Users/scott/repo/oss/elf2x68k/m68k-xelf/lib/gcc/m68k-elf/13.3.0/crtbegin.o
 *(EXCLUDE_FILE(*crtend.o) .dtors)
 *(SORT_BY_NAME(.dtors.*))
 *(.dtors)
 .dtors         0x00002954        0x4 /Users/scott/repo/oss/elf2x68k/m68k-xelf/lib/gcc/m68k-elf/13.3.0/crtend.o
                0x00002954                __DTOR_END__
 *(.rodata .rodata.*)
 .rodata        0x00002958       0x24 /Users/scott/repo/oss/elf2x68k/m68k-xelf/lib/gcc/m68k-elf/13.3.0/../../../../m68k-elf/lib/libx68k.a(_doserror.o)
                0x0000297c                        . = ALIGN (0x4)
 *(.gcc_except_table .gcc_except_table.*)
                0x0000297c                        . = ALIGN (0x4)
 *(.eh_frame)
 .eh_frame      0x0000297c        0x0 /Users/scott/repo/oss/elf2x68k/m68k-xelf/lib/gcc/m68k-elf/13.3.0/crtbegin.o
 .eh_frame      0x0000297c        0x4 /Users/scott/repo/oss/elf2x68k/m68k-xelf/lib/gcc/m68k-elf/13.3.0/crtend.o
                0x00002980                        . = ALIGN (0x4)
                0x00002980                        __INIT_SECTION__ = .
                0x00002980        0x4 LONG 0x4e560000
 *(.init)
 .init          0x00002984        0x6 /Users/scott/repo/oss/elf2x68k/m68k-xelf/lib/gcc/m68k-elf/13.3.0/crtbegin.o
 .init          0x0000298a        0x6 /Users/scott/repo/oss/elf2x68k/m68k-xelf/lib/gcc/m68k-elf/13.3.0/crtend.o
                0x00002990        0x2 SHORT 0x4e5e
                0x00002992        0x2 SHORT 0x4e75
                0x00002994                        __FINI_SECTION__ = .
                0x00002994        0x4 LONG 0x4e560000
 *(.fini)
 .fini          0x00002998        0x6 /Users/scott/repo/oss/elf2x68k/m68k-xelf/lib/gcc/m68k-elf/13.3.0/crtbegin.o
                0x0000299e        0x2 SHORT 0x4e5e
                0x000029a0        0x2 SHORT 0x4e75
                0x000029a2                        _etext = .
 *(.lit)

.data           0x00010000      0x558
 *(.got.plt)
 *(.got)
 *(.shdata)
 *(.data .data.*)
 .data          0x00010000        0x0 /Users/scott/repo/oss/elf2x68k/m68k-xelf/lib/gcc/m68k-elf/13.3.0/../../../../m68k-elf/lib/x68kcrt0.o
 .data          0x00010000        0x4 /Users/scott/repo/oss/elf2x68k/m68k-xelf/lib/gcc/m68k-elf/13.3.0/crtbegin.o
                0x00010000                __dso_handle
 .data          0x00010004        0x0 kernel/main.o
 .data          0x00010004        0x8 kernel/crtc.o
                0x00010004                crtc_execution_port
                0x00010008                crtc_reg
 .data          0x0001000c        0x4 kernel/kernel.o
                0x0001000c                mfp
 .data          0x00010010        0xc kernel/vram.o
                0x00010010                vram_end
                0x00010014                vram_start
                0x00010018                crtc
 .data          0x0001001c        0x0 /Users/scott/repo/oss/elf2x68k/m68k-xelf/lib/gcc/m68k-elf/13.3.0/../../../../m68k-elf/lib/libc.a(libc_a-strlen.o)
 .data          0x0001001c        0x0 /Users/scott/repo/oss/elf2x68k/m68k-xelf/lib/gcc/m68k-elf/13.3.0/../../../../m68k-elf/lib/libx68k.a(crt1.o)
 .data          0x0001001c        0x0 /Users/scott/repo/oss/elf2x68k/m68k-xelf/lib/gcc/m68k-elf/13.3.0/../../../../m68k-elf/lib/libx68kdos.a(vernum.o)
 .data          0x0001001c        0x0 /Users/scott/repo/oss/elf2x68k/m68k-xelf/lib/gcc/m68k-elf/13.3.0/../../../../m68k-elf/lib/libx68kiocs.a(gpalet.o)
 .data          0x0001001c        0x0 /Users/scott/repo/oss/elf2x68k/m68k-xelf/lib/gcc/m68k-elf/13.3.0/../../../../m68k-elf/lib/libx68kiocs.a(ontime.o)
 .data          0x0001001c        0x0 /Users/scott/repo/oss/elf2x68k/m68k-xelf/lib/gcc/m68k-elf/13.3.0/../../../../m68k-elf/lib/libc.a(libc_a-atexit.o)
 .data          0x0001001c        0x4 /Users/scott/repo/oss/elf2x68k/m68k-xelf/lib/gcc/m68k-elf/13.3.0/../../../../m68k-elf/lib/libc.a(libc_a-environ.o)
                0x0001001c                environ
 .data          0x00010020        0x0 /Users/scott/repo/oss/elf2x68k/m68k-xelf/lib/gcc/m68k-elf/13.3.0/../../../../m68k-elf/lib/libc.a(libc_a-exit.o)
 .data          0x00010020        0x0 /Users/scott/repo/oss/elf2x68k/m68k-xelf/lib/gcc/m68k-elf/13.3.0/../../../../m68k-elf/lib/libc.a(libc_a-malloc.o)
 .data          0x00010020      0x410 /Users/scott/repo/oss/elf2x68k/m68k-xelf/lib/gcc/m68k-elf/13.3.0/../../../../m68k-elf/lib/libc.a(libc_a-mallocr.o)
                0x00010020                __malloc_sbrk_base
                0x00010024                __malloc_trim_threshold
                0x00010028                __malloc_av_
 .data          0x00010430        0x0 /Users/scott/repo/oss/elf2x68k/m68k-xelf/lib/gcc/m68k-elf/13.3.0/../../../../m68k-elf/lib/libc.a(libc_a-mlock.o)
 .data          0x00010430        0xc /Users/scott/repo/oss/elf2x68k/m68k-xelf/lib/gcc/m68k-elf/13.3.0/../../../../m68k-elf/lib/libc.a(libc_a-findfp.o)
                0x00010430                __sglue
 .data          0x0001043c        0x0 /Users/scott/repo/oss/elf2x68k/m68k-xelf/lib/gcc/m68k-elf/13.3.0/../../../../m68k-elf/lib/libc.a(libc_a-fwalk.o)
 .data          0x0001043c        0x0 /Users/scott/repo/oss/elf2x68k/m68k-xelf/lib/gcc/m68k-elf/13.3.0/../../../../m68k-elf/lib/libc.a(libc_a-stdio.o)
 .data          0x0001043c        0x0 /Users/scott/repo/oss/elf2x68k/m68k-xelf/lib/gcc/m68k-elf/13.3.0/../../../../m68k-elf/lib/libc.a(libc_a-strcat.o)
 .data          0x0001043c        0x0 /Users/scott/repo/oss/elf2x68k/m68k-xelf/lib/gcc/m68k-elf/13.3.0/../../../../m68k-elf/lib/libc.a(libc_a-closer.o)
 .data          0x0001043c        0x0 /Users/scott/repo/oss/elf2x68k/m68k-xelf/lib/gcc/m68k-elf/13.3.0/../../../../m68k-elf/lib/libc.a(libc_a-reent.o)
 .data          0x0001043c      0x11a /Users/scott/repo/oss/elf2x68k/m68k-xelf/lib/gcc/m68k-elf/13.3.0/../../../../m68k-elf/lib/libc.a(libc_a-impure.o)
                0x0001043c                _impure_ptr
                0x00010440                _impure_data
 *fill*         0x00010556        0x2 
 .data          0x00010558        0x0 /Users/scott/repo/oss/elf2x68k/m68k-xelf/lib/gcc/m68k-elf/13.3.0/../../../../m68k-elf/lib/libc.a(libc_a-lseekr.o)
 .data          0x00010558        0x0 /Users/scott/repo/oss/elf2x68k/m68k-xelf/lib/gcc/m68k-elf/13.3.0/../../../../m68k-elf/lib/libc.a(libc_a-readr.o)
 .data          0x00010558        0x0 /Users/scott/repo/oss/elf2x68k/m68k-xelf/lib/gcc/m68k-elf/13.3.0/../../../../m68k-elf/lib/libc.a(libc_a-sbrkr.o)
 .data          0x00010558        0x0 /Users/scott/repo/oss/elf2x68k/m68k-xelf/lib/gcc/m68k-elf/13.3.0/../../../../m68k-elf/lib/libc.a(libc_a-writer.o)
 .data          0x00010558        0x0 /Users/scott/repo/oss/elf2x68k/m68k-xelf/lib/gcc/m68k-elf/13.3.0/../../../../m68k-elf/lib/libc.a(libc_a-errno.o)
 .data          0x00010558        0x0 /Users/scott/repo/oss/elf2x68k/m68k-xelf/lib/gcc/m68k-elf/13.3.0/../../../../m68k-elf/lib/libc.a(libc_a-strcpy.o)
 .data          0x00010558        0x0 /Users/scott/repo/oss/elf2x68k/m68k-xelf/lib/gcc/m68k-elf/13.3.0/../../../../m68k-elf/lib/libc.a(libc_a-memset.o)
 .data          0x00010558        0x0 /Users/scott/repo/oss/elf2x68k/m68k-xelf/lib/gcc/m68k-elf/13.3.0/../../../../m68k-elf/lib/libc.a(libc_a-__atexit.o)
 .data          0x00010558        0x0 /Users/scott/repo/oss/elf2x68k/m68k-xelf/lib/gcc/m68k-elf/13.3.0/../../../../m68k-elf/lib/libc.a(libc_a-__call_atexit.o)
 .data          0x00010558        0x0 /Users/scott/repo/oss/elf2x68k/m68k-xelf/lib/gcc/m68k-elf/13.3.0/../../../../m68k-elf/lib/libc.a(libc_a-freer.o)
 .data          0x00010558        0x0 /Users/scott/repo/oss/elf2x68k/m68k-xelf/lib/gcc/m68k-elf/13.3.0/../../../../m68k-elf/lib/libc.a(libc_a-fclose.o)
 .data          0x00010558        0x0 /Users/scott/repo/oss/elf2x68k/m68k-xelf/lib/gcc/m68k-elf/13.3.0/../../../../m68k-elf/lib/libc.a(libc_a-fflush.o)
 .data          0x00010558        0x0 /Users/scott/repo/oss/elf2x68k/m68k-xelf/lib/gcc/m68k-elf/13.3.0/../../../../m68k-elf/lib/libx68k.a(close.o)
 .data          0x00010558        0x0 /Users/scott/repo/oss/elf2x68k/m68k-xelf/lib/gcc/m68k-elf/13.3.0/../../../../m68k-elf/lib/libx68k.a(lseek.o)
 .data          0x00010558        0x0 /Users/scott/repo/oss/elf2x68k/m68k-xelf/lib/gcc/m68k-elf/13.3.0/../../../../m68k-elf/lib/libx68k.a(read.o)
 .data          0x00010558        0x0 /Users/scott/repo/oss/elf2x68k/m68k-xelf/lib/gcc/m68k-elf/13.3.0/../../../../m68k-elf/lib/libx68k.a(sbrk.o)
 .data          0x00010558        0x0 /Users/scott/repo/oss/elf2x68k/m68k-xelf/lib/gcc/m68k-elf/13.3.0/../../../../m68k-elf/lib/libx68k.a(write.o)
 .data          0x00010558        0x0 /Users/scott/repo/oss/elf2x68k/m68k-xelf/lib/gcc/m68k-elf/13.3.0/../../../../m68k-elf/lib/libx68k.a(_exit.o)
 .data          0x00010558        0x0 /Users/scott/repo/oss/elf2x68k/m68k-xelf/lib/gcc/m68k-elf/13.3.0/../../../../m68k-elf/lib/libx68k.a(fds.o)
 .data          0x00010558        0x0 /Users/scott/repo/oss/elf2x68k/m68k-xelf/lib/gcc/m68k-elf/13.3.0/../../../../m68k-elf/lib/libx68k.a(_doserror.o)
 .data          0x00010558        0x0 /Users/scott/repo/oss/elf2x68k/m68k-xelf/lib/gcc/m68k-elf/13.3.0/../../../../m68k-elf/lib/libx68k.a(isatty.o)
 .data          0x00010558        0x0 /Users/scott/repo/oss/elf2x68k/m68k-xelf/lib/gcc/m68k-elf/13.3.0/../../../../m68k-elf/lib/libx68kdos.a(allclose.o)
 .data          0x00010558        0x0 /Users/scott/repo/oss/elf2x68k/m68k-xelf/lib/gcc/m68k-elf/13.3.0/../../../../m68k-elf/lib/libx68kdos.a(close.o)
 .data          0x00010558        0x0 /Users/scott/repo/oss/elf2x68k/m68k-xelf/lib/gcc/m68k-elf/13.3.0/../../../../m68k-elf/lib/libx68kdos.a(exit2.o)
 .data          0x00010558        0x0 /Users/scott/repo/oss/elf2x68k/m68k-xelf/lib/gcc/m68k-elf/13.3.0/../../../../m68k-elf/lib/libx68kdos.a(read.o)
 .data          0x00010558        0x0 /Users/scott/repo/oss/elf2x68k/m68k-xelf/lib/gcc/m68k-elf/13.3.0/../../../../m68k-elf/lib/libx68kdos.a(seek.o)
 .data          0x00010558        0x0 /Users/scott/repo/oss/elf2x68k/m68k-xelf/lib/gcc/m68k-elf/13.3.0/../../../../m68k-elf/lib/libx68kdos.a(setblock.o)
 .data          0x00010558        0x0 /Users/scott/repo/oss/elf2x68k/m68k-xelf/lib/gcc/m68k-elf/13.3.0/../../../../m68k-elf/lib/libx68kdos.a(write.o)
 .data          0x00010558        0x0 /Users/scott/repo/oss/elf2x68k/m68k-xelf/lib/gcc/m68k-elf/13.3.0/../../../../m68k-elf/lib/libc.a(libc_a-strdup.o)
 .data          0x00010558        0x0 /Users/scott/repo/oss/elf2x68k/m68k-xelf/lib/gcc/m68k-elf/13.3.0/../../../../m68k-elf/lib/libc.a(libc_a-strdup_r.o)
 .data          0x00010558        0x0 /Users/scott/repo/oss/elf2x68k/m68k-xelf/lib/gcc/m68k-elf/13.3.0/../../../../m68k-elf/lib/libc.a(libc_a-memcpy.o)
 .data          0x00010558        0x0 /Users/scott/repo/oss/elf2x68k/m68k-xelf/lib/gcc/m68k-elf/13.3.0/crtend.o
                0x00010558                        _edata = .

.tm_clone_table
                0x00010558        0x0
 .tm_clone_table
                0x00010558        0x0 /Users/scott/repo/oss/elf2x68k/m68k-xelf/lib/gcc/m68k-elf/13.3.0/crtbegin.o
 .tm_clone_table
                0x00010558        0x0 /Users/scott/repo/oss/elf2x68k/m68k-xelf/lib/gcc/m68k-elf/13.3.0/crtend.o
                0x00010558                __TMC_END__

.bss            0x00010558      0x588
                0x00010558                        . = ALIGN (0x4)
                0x00010558                        __bss_start = .
 *(.shbss)
 *(.bss .bss.*)
 .bss           0x00010558        0x0 /Users/scott/repo/oss/elf2x68k/m68k-xelf/lib/gcc/m68k-elf/13.3.0/../../../../m68k-elf/lib/x68kcrt0.o
 .bss           0x00010558       0x1e /Users/scott/repo/oss/elf2x68k/m68k-xelf/lib/gcc/m68k-elf/13.3.0/crtbegin.o
 *fill*         0x00010576        0x2 
 .bss           0x00010578        0x0 kernel/main.o
 .bss           0x00010578        0x0 kernel/crtc.o
 .bss           0x00010578        0x0 kernel/kernel.o
 .bss           0x00010578       0x10 kernel/vram.o
                0x00010578                scroll_data
 .bss           0x00010588        0x0 /Users/scott/repo/oss/elf2x68k/m68k-xelf/lib/gcc/m68k-elf/13.3.0/../../../../m68k-elf/lib/libc.a(libc_a-strlen.o)
 .bss           0x00010588       0x14 /Users/scott/repo/oss/elf2x68k/m68k-xelf/lib/gcc/m68k-elf/13.3.0/../../../../m68k-elf/lib/libx68k.a(crt1.o)
                0x00010588                __argc
                0x0001058c                __argv
                0x00010590                __ontime
                0x00010598                _vernum
 .bss           0x0001059c        0x0 /Users/scott/repo/oss/elf2x68k/m68k-xelf/lib/gcc/m68k-elf/13.3.0/../../../../m68k-elf/lib/libx68kdos.a(vernum.o)
 .bss           0x0001059c        0x0 /Users/scott/repo/oss/elf2x68k/m68k-xelf/lib/gcc/m68k-elf/13.3.0/../../../../m68k-elf/lib/libx68kiocs.a(gpalet.o)
 .bss           0x0001059c        0x0 /Users/scott/repo/oss/elf2x68k/m68k-xelf/lib/gcc/m68k-elf/13.3.0/../../../../m68k-elf/lib/libx68kiocs.a(ontime.o)
 .bss           0x0001059c        0x0 /Users/scott/repo/oss/elf2x68k/m68k-xelf/lib/gcc/m68k-elf/13.3.0/../../../../m68k-elf/lib/libc.a(libc_a-atexit.o)
 .bss           0x0001059c        0x4 /Users/scott/repo/oss/elf2x68k/m68k-xelf/lib/gcc/m68k-elf/13.3.0/../../../../m68k-elf/lib/libc.a(libc_a-environ.o)
 .bss           0x000105a0        0x0 /Users/scott/repo/oss/elf2x68k/m68k-xelf/lib/gcc/m68k-elf/13.3.0/../../../../m68k-elf/lib/libc.a(libc_a-exit.o)
 .bss           0x000105a0        0x0 /Users/scott/repo/oss/elf2x68k/m68k-xelf/lib/gcc/m68k-elf/13.3.0/../../../../m68k-elf/lib/libc.a(libc_a-malloc.o)
 .bss           0x000105a0       0x34 /Users/scott/repo/oss/elf2x68k/m68k-xelf/lib/gcc/m68k-elf/13.3.0/../../../../m68k-elf/lib/libc.a(libc_a-mallocr.o)
                0x000105a0                __malloc_current_mallinfo
                0x000105c8                __malloc_max_total_mem
                0x000105cc                __malloc_max_sbrked_mem
                0x000105d0                __malloc_top_pad
 .bss           0x000105d4        0x0 /Users/scott/repo/oss/elf2x68k/m68k-xelf/lib/gcc/m68k-elf/13.3.0/../../../../m68k-elf/lib/libc.a(libc_a-mlock.o)
 .bss           0x000105d4      0x13c /Users/scott/repo/oss/elf2x68k/m68k-xelf/lib/gcc/m68k-elf/13.3.0/../../../../m68k-elf/lib/libc.a(libc_a-findfp.o)
                0x000105d4                __sf
                0x0001070c                __stdio_exit_handler
 .bss           0x00010710        0x0 /Users/scott/repo/oss/elf2x68k/m68k-xelf/lib/gcc/m68k-elf/13.3.0/../../../../m68k-elf/lib/libc.a(libc_a-fwalk.o)
 .bss           0x00010710        0x0 /Users/scott/repo/oss/elf2x68k/m68k-xelf/lib/gcc/m68k-elf/13.3.0/../../../../m68k-elf/lib/libc.a(libc_a-stdio.o)
 .bss           0x00010710        0x0 /Users/scott/repo/oss/elf2x68k/m68k-xelf/lib/gcc/m68k-elf/13.3.0/../../../../m68k-elf/lib/libc.a(libc_a-strcat.o)
 .bss           0x00010710        0x0 /Users/scott/repo/oss/elf2x68k/m68k-xelf/lib/gcc/m68k-elf/13.3.0/../../../../m68k-elf/lib/libc.a(libc_a-closer.o)
 .bss           0x00010710        0x4 /Users/scott/repo/oss/elf2x68k/m68k-xelf/lib/gcc/m68k-elf/13.3.0/../../../../m68k-elf/lib/libc.a(libc_a-reent.o)
                0x00010710                errno
 .bss           0x00010714        0x0 /Users/scott/repo/oss/elf2x68k/m68k-xelf/lib/gcc/m68k-elf/13.3.0/../../../../m68k-elf/lib/libc.a(libc_a-impure.o)
 .bss           0x00010714        0x0 /Users/scott/repo/oss/elf2x68k/m68k-xelf/lib/gcc/m68k-elf/13.3.0/../../../../m68k-elf/lib/libc.a(libc_a-lseekr.o)
 .bss           0x00010714        0x0 /Users/scott/repo/oss/elf2x68k/m68k-xelf/lib/gcc/m68k-elf/13.3.0/../../../../m68k-elf/lib/libc.a(libc_a-readr.o)
 .bss           0x00010714        0x0 /Users/scott/repo/oss/elf2x68k/m68k-xelf/lib/gcc/m68k-elf/13.3.0/../../../../m68k-elf/lib/libc.a(libc_a-sbrkr.o)
 .bss           0x00010714        0x0 /Users/scott/repo/oss/elf2x68k/m68k-xelf/lib/gcc/m68k-elf/13.3.0/../../../../m68k-elf/lib/libc.a(libc_a-writer.o)
 .bss           0x00010714        0x0 /Users/scott/repo/oss/elf2x68k/m68k-xelf/lib/gcc/m68k-elf/13.3.0/../../../../m68k-elf/lib/libc.a(libc_a-errno.o)
 .bss           0x00010714        0x0 /Users/scott/repo/oss/elf2x68k/m68k-xelf/lib/gcc/m68k-elf/13.3.0/../../../../m68k-elf/lib/libc.a(libc_a-strcpy.o)
 .bss           0x00010714        0x0 /Users/scott/repo/oss/elf2x68k/m68k-xelf/lib/gcc/m68k-elf/13.3.0/../../../../m68k-elf/lib/libc.a(libc_a-memset.o)
 .bss           0x00010714      0x190 /Users/scott/repo/oss/elf2x68k/m68k-xelf/lib/gcc/m68k-elf/13.3.0/../../../../m68k-elf/lib/libc.a(libc_a-__atexit.o)
                0x00010714                __atexit0
 .bss           0x000108a4        0x4 /Users/scott/repo/oss/elf2x68k/m68k-xelf/lib/gcc/m68k-elf/13.3.0/../../../../m68k-elf/lib/libc.a(libc_a-__call_atexit.o)
                0x000108a4                __atexit
 .bss           0x000108a8        0x0 /Users/scott/repo/oss/elf2x68k/m68k-xelf/lib/gcc/m68k-elf/13.3.0/../../../../m68k-elf/lib/libc.a(libc_a-freer.o)
 .bss           0x000108a8        0x0 /Users/scott/repo/oss/elf2x68k/m68k-xelf/lib/gcc/m68k-elf/13.3.0/../../../../m68k-elf/lib/libc.a(libc_a-fclose.o)
 .bss           0x000108a8        0x0 /Users/scott/repo/oss/elf2x68k/m68k-xelf/lib/gcc/m68k-elf/13.3.0/../../../../m68k-elf/lib/libc.a(libc_a-fflush.o)
 .bss           0x000108a8        0x0 /Users/scott/repo/oss/elf2x68k/m68k-xelf/lib/gcc/m68k-elf/13.3.0/../../../../m68k-elf/lib/libx68k.a(close.o)
 .bss           0x000108a8        0x0 /Users/scott/repo/oss/elf2x68k/m68k-xelf/lib/gcc/m68k-elf/13.3.0/../../../../m68k-elf/lib/libx68k.a(lseek.o)
 .bss           0x000108a8        0x0 /Users/scott/repo/oss/elf2x68k/m68k-xelf/lib/gcc/m68k-elf/13.3.0/../../../../m68k-elf/lib/libx68k.a(read.o)
 .bss           0x000108a8        0x4 /Users/scott/repo/oss/elf2x68k/m68k-xelf/lib/gcc/m68k-elf/13.3.0/../../../../m68k-elf/lib/libx68k.a(sbrk.o)
 .bss           0x000108ac        0x0 /Users/scott/repo/oss/elf2x68k/m68k-xelf/lib/gcc/m68k-elf/13.3.0/../../../../m68k-elf/lib/libx68k.a(write.o)
 .bss           0x000108ac        0x0 /Users/scott/repo/oss/elf2x68k/m68k-xelf/lib/gcc/m68k-elf/13.3.0/../../../../m68k-elf/lib/libx68k.a(_exit.o)
 .bss           0x000108ac      0x200 /Users/scott/repo/oss/elf2x68k/m68k-xelf/lib/gcc/m68k-elf/13.3.0/../../../../m68k-elf/lib/libx68k.a(fds.o)
                0x000108ac                __fd_list
 .bss           0x00010aac        0x0 /Users/scott/repo/oss/elf2x68k/m68k-xelf/lib/gcc/m68k-elf/13.3.0/../../../../m68k-elf/lib/libx68k.a(_doserror.o)
 .bss           0x00010aac        0x0 /Users/scott/repo/oss/elf2x68k/m68k-xelf/lib/gcc/m68k-elf/13.3.0/../../../../m68k-elf/lib/libx68k.a(isatty.o)
 .bss           0x00010aac        0x0 /Users/scott/repo/oss/elf2x68k/m68k-xelf/lib/gcc/m68k-elf/13.3.0/../../../../m68k-elf/lib/libx68kdos.a(allclose.o)
 .bss           0x00010aac        0x0 /Users/scott/repo/oss/elf2x68k/m68k-xelf/lib/gcc/m68k-elf/13.3.0/../../../../m68k-elf/lib/libx68kdos.a(close.o)
 .bss           0x00010aac        0x0 /Users/scott/repo/oss/elf2x68k/m68k-xelf/lib/gcc/m68k-elf/13.3.0/../../../../m68k-elf/lib/libx68kdos.a(exit2.o)
 .bss           0x00010aac        0x0 /Users/scott/repo/oss/elf2x68k/m68k-xelf/lib/gcc/m68k-elf/13.3.0/../../../../m68k-elf/lib/libx68kdos.a(read.o)
 .bss           0x00010aac        0x0 /Users/scott/repo/oss/elf2x68k/m68k-xelf/lib/gcc/m68k-elf/13.3.0/../../../../m68k-elf/lib/libx68kdos.a(seek.o)
 .bss           0x00010aac        0x0 /Users/scott/repo/oss/elf2x68k/m68k-xelf/lib/gcc/m68k-elf/13.3.0/../../../../m68k-elf/lib/libx68kdos.a(setblock.o)
 .bss           0x00010aac        0x0 /Users/scott/repo/oss/elf2x68k/m68k-xelf/lib/gcc/m68k-elf/13.3.0/../../../../m68k-elf/lib/libx68kdos.a(write.o)
 .bss           0x00010aac        0x0 /Users/scott/repo/oss/elf2x68k/m68k-xelf/lib/gcc/m68k-elf/13.3.0/../../../../m68k-elf/lib/libc.a(libc_a-strdup.o)
 .bss           0x00010aac        0x0 /Users/scott/repo/oss/elf2x68k/m68k-xelf/lib/gcc/m68k-elf/13.3.0/../../../../m68k-elf/lib/libc.a(libc_a-strdup_r.o)
 .bss           0x00010aac        0x0 /Users/scott/repo/oss/elf2x68k/m68k-xelf/lib/gcc/m68k-elf/13.3.0/../../../../m68k-elf/lib/libc.a(libc_a-memcpy.o)
 .bss           0x00010aac        0x0 /Users/scott/repo/oss/elf2x68k/m68k-xelf/lib/gcc/m68k-elf/13.3.0/crtend.o
 *(COMMON)
 COMMON         0x00010aac       0x34 /Users/scott/repo/oss/elf2x68k/m68k-xelf/lib/gcc/m68k-elf/13.3.0/../../../../m68k-elf/lib/x68kcrt0.o
                0x00010aac                _PSP
                0x00010ab0                _SSTA
                0x00010ab4                _BSTA
                0x00010ab8                _SEND
                0x00010abc                _PSTA
                0x00010ac0                _HSTA
                0x00010ac4                _PEND
                0x00010ac8                _MCB
                0x00010acc                _HEND
                0x00010ad0                _ENV0
                0x00010ad4                _BEND
                0x00010ad8                _cmdline
                0x00010adc                _HMAX
 *(.stack .stack.*)
                0x00010ae0                        _end = ALIGN (0x8)
                0x00010ae0                        __end = _end
                [!provide]                        PROVIDE (end = .)

.comment        0x00000000       0x12
 *(.comment)
 .comment       0x00000000       0x12 /Users/scott/repo/oss/elf2x68k/m68k-xelf/lib/gcc/m68k-elf/13.3.0/crtbegin.o
                                 0x13 (size before relaxing)
 .comment       0x00000012       0x13 kernel/main.o
 .comment       0x00000012       0x13 kernel/crtc.o
 .comment       0x00000012       0x13 kernel/kernel.o
 .comment       0x00000012       0x13 kernel/vram.o
 .comment       0x00000012       0x13 /Users/scott/repo/oss/elf2x68k/m68k-xelf/lib/gcc/m68k-elf/13.3.0/../../../../m68k-elf/lib/libc.a(libc_a-strlen.o)
 .comment       0x00000012       0x13 /Users/scott/repo/oss/elf2x68k/m68k-xelf/lib/gcc/m68k-elf/13.3.0/../../../../m68k-elf/lib/libx68k.a(crt1.o)
 .comment       0x00000012       0x13 /Users/scott/repo/oss/elf2x68k/m68k-xelf/lib/gcc/m68k-elf/13.3.0/../../../../m68k-elf/lib/libc.a(libc_a-atexit.o)
 .comment       0x00000012       0x13 /Users/scott/repo/oss/elf2x68k/m68k-xelf/lib/gcc/m68k-elf/13.3.0/../../../../m68k-elf/lib/libc.a(libc_a-environ.o)
 .comment       0x00000012       0x13 /Users/scott/repo/oss/elf2x68k/m68k-xelf/lib/gcc/m68k-elf/13.3.0/../../../../m68k-elf/lib/libc.a(libc_a-exit.o)
 .comment       0x00000012       0x13 /Users/scott/repo/oss/elf2x68k/m68k-xelf/lib/gcc/m68k-elf/13.3.0/../../../../m68k-elf/lib/libc.a(libc_a-malloc.o)
 .comment       0x00000012       0x13 /Users/scott/repo/oss/elf2x68k/m68k-xelf/lib/gcc/m68k-elf/13.3.0/../../../../m68k-elf/lib/libc.a(libc_a-mallocr.o)
 .comment       0x00000012       0x13 /Users/scott/repo/oss/elf2x68k/m68k-xelf/lib/gcc/m68k-elf/13.3.0/../../../../m68k-elf/lib/libc.a(libc_a-mlock.o)
 .comment       0x00000012       0x13 /Users/scott/repo/oss/elf2x68k/m68k-xelf/lib/gcc/m68k-elf/13.3.0/../../../../m68k-elf/lib/libc.a(libc_a-findfp.o)
 .comment       0x00000012       0x13 /Users/scott/repo/oss/elf2x68k/m68k-xelf/lib/gcc/m68k-elf/13.3.0/../../../../m68k-elf/lib/libc.a(libc_a-fwalk.o)
 .comment       0x00000012       0x13 /Users/scott/repo/oss/elf2x68k/m68k-xelf/lib/gcc/m68k-elf/13.3.0/../../../../m68k-elf/lib/libc.a(libc_a-stdio.o)
 .comment       0x00000012       0x13 /Users/scott/repo/oss/elf2x68k/m68k-xelf/lib/gcc/m68k-elf/13.3.0/../../../../m68k-elf/lib/libc.a(libc_a-strcat.o)
 .comment       0x00000012       0x13 /Users/scott/repo/oss/elf2x68k/m68k-xelf/lib/gcc/m68k-elf/13.3.0/../../../../m68k-elf/lib/libc.a(libc_a-closer.o)
 .comment       0x00000012       0x13 /Users/scott/repo/oss/elf2x68k/m68k-xelf/lib/gcc/m68k-elf/13.3.0/../../../../m68k-elf/lib/libc.a(libc_a-reent.o)
 .comment       0x00000012       0x13 /Users/scott/repo/oss/elf2x68k/m68k-xelf/lib/gcc/m68k-elf/13.3.0/../../../../m68k-elf/lib/libc.a(libc_a-impure.o)
 .comment       0x00000012       0x13 /Users/scott/repo/oss/elf2x68k/m68k-xelf/lib/gcc/m68k-elf/13.3.0/../../../../m68k-elf/lib/libc.a(libc_a-lseekr.o)
 .comment       0x00000012       0x13 /Users/scott/repo/oss/elf2x68k/m68k-xelf/lib/gcc/m68k-elf/13.3.0/../../../../m68k-elf/lib/libc.a(libc_a-readr.o)
 .comment       0x00000012       0x13 /Users/scott/repo/oss/elf2x68k/m68k-xelf/lib/gcc/m68k-elf/13.3.0/../../../../m68k-elf/lib/libc.a(libc_a-sbrkr.o)
 .comment       0x00000012       0x13 /Users/scott/repo/oss/elf2x68k/m68k-xelf/lib/gcc/m68k-elf/13.3.0/../../../../m68k-elf/lib/libc.a(libc_a-writer.o)
 .comment       0x00000012       0x13 /Users/scott/repo/oss/elf2x68k/m68k-xelf/lib/gcc/m68k-elf/13.3.0/../../../../m68k-elf/lib/libc.a(libc_a-errno.o)
 .comment       0x00000012       0x13 /Users/scott/repo/oss/elf2x68k/m68k-xelf/lib/gcc/m68k-elf/13.3.0/../../../../m68k-elf/lib/libc.a(libc_a-strcpy.o)
 .comment       0x00000012       0x13 /Users/scott/repo/oss/elf2x68k/m68k-xelf/lib/gcc/m68k-elf/13.3.0/../../../../m68k-elf/lib/libc.a(libc_a-__atexit.o)
 .comment       0x00000012       0x13 /Users/scott/repo/oss/elf2x68k/m68k-xelf/lib/gcc/m68k-elf/13.3.0/../../../../m68k-elf/lib/libc.a(libc_a-__call_atexit.o)
 .comment       0x00000012       0x13 /Users/scott/repo/oss/elf2x68k/m68k-xelf/lib/gcc/m68k-elf/13.3.0/../../../../m68k-elf/lib/libc.a(libc_a-freer.o)
 .comment       0x00000012       0x13 /Users/scott/repo/oss/elf2x68k/m68k-xelf/lib/gcc/m68k-elf/13.3.0/../../../../m68k-elf/lib/libc.a(libc_a-fclose.o)
 .comment       0x00000012       0x13 /Users/scott/repo/oss/elf2x68k/m68k-xelf/lib/gcc/m68k-elf/13.3.0/../../../../m68k-elf/lib/libc.a(libc_a-fflush.o)
 .comment       0x00000012       0x13 /Users/scott/repo/oss/elf2x68k/m68k-xelf/lib/gcc/m68k-elf/13.3.0/../../../../m68k-elf/lib/libx68k.a(close.o)
 .comment       0x00000012       0x13 /Users/scott/repo/oss/elf2x68k/m68k-xelf/lib/gcc/m68k-elf/13.3.0/../../../../m68k-elf/lib/libx68k.a(lseek.o)
 .comment       0x00000012       0x13 /Users/scott/repo/oss/elf2x68k/m68k-xelf/lib/gcc/m68k-elf/13.3.0/../../../../m68k-elf/lib/libx68k.a(read.o)
 .comment       0x00000012       0x13 /Users/scott/repo/oss/elf2x68k/m68k-xelf/lib/gcc/m68k-elf/13.3.0/../../../../m68k-elf/lib/libx68k.a(sbrk.o)
 .comment       0x00000012       0x13 /Users/scott/repo/oss/elf2x68k/m68k-xelf/lib/gcc/m68k-elf/13.3.0/../../../../m68k-elf/lib/libx68k.a(write.o)
 .comment       0x00000012       0x13 /Users/scott/repo/oss/elf2x68k/m68k-xelf/lib/gcc/m68k-elf/13.3.0/../../../../m68k-elf/lib/libx68k.a(_exit.o)
 .comment       0x00000012       0x13 /Users/scott/repo/oss/elf2x68k/m68k-xelf/lib/gcc/m68k-elf/13.3.0/../../../../m68k-elf/lib/libx68k.a(fds.o)
 .comment       0x00000012       0x13 /Users/scott/repo/oss/elf2x68k/m68k-xelf/lib/gcc/m68k-elf/13.3.0/../../../../m68k-elf/lib/libx68k.a(_doserror.o)
 .comment       0x00000012       0x13 /Users/scott/repo/oss/elf2x68k/m68k-xelf/lib/gcc/m68k-elf/13.3.0/../../../../m68k-elf/lib/libx68k.a(isatty.o)
 .comment       0x00000012       0x13 /Users/scott/repo/oss/elf2x68k/m68k-xelf/lib/gcc/m68k-elf/13.3.0/../../../../m68k-elf/lib/libc.a(libc_a-strdup.o)
 .comment       0x00000012       0x13 /Users/scott/repo/oss/elf2x68k/m68k-xelf/lib/gcc/m68k-elf/13.3.0/../../../../m68k-elf/lib/libc.a(libc_a-strdup_r.o)
 .comment       0x00000012       0x13 /Users/scott/repo/oss/elf2x68k/m68k-xelf/lib/gcc/m68k-elf/13.3.0/crtend.o
 *(.ident)

.stab
 *(.stab)

.stabstr
 *(.stabstr)
LOAD /Users/scott/repo/oss/elf2x68k/m68k-xelf/lib/gcc/m68k-elf/13.3.0/../../../../m68k-elf/lib/x68kcrt0.o
LOAD /Users/scott/repo/oss/elf2x68k/m68k-xelf/lib/gcc/m68k-elf/13.3.0/crtbegin.o
LOAD kernel/main.o
LOAD kernel/crtc.o
LOAD kernel/kernel.o
LOAD kernel/vram.o
                0x00000012                        _start = .

.text           0x00010ae0        0x0
                0x00010ae0                        __text_start = .
 *(.text)
 *(.rela.text)
 *(.rodata)
                0x00010ae0                        __text_end = .
                0x00000000                        __test_size = (__text_end - __text_start)

.data           0x00010ae0        0x0
                0x00010ae0                        __data_start = .
 *(.data)
                0x00010ae0                        __data_end = .
                0x00000000                        __data_size = (__data_end - __data_end)

.bss            0x00010ae0        0x0
                0x00010ae0                        __data_start = .
 *(.bss)
 *(COMMON)
                0x00010ae0                        __data_end = .
                0x00000000                        __data_size = (__data_end - __data_end)
START GROUP
LOAD /Users/scott/repo/oss/elf2x68k/m68k-xelf/lib/gcc/m68k-elf/13.3.0/libgcc.a
LOAD /Users/scott/repo/oss/elf2x68k/m68k-xelf/lib/gcc/m68k-elf/13.3.0/../../../../m68k-elf/lib/libc.a
LOAD /Users/scott/repo/oss/elf2x68k/m68k-xelf/lib/gcc/m68k-elf/13.3.0/../../../../m68k-elf/lib/libx68k.a
LOAD /Users/scott/repo/oss/elf2x68k/m68k-xelf/lib/gcc/m68k-elf/13.3.0/../../../../m68k-elf/lib/libx68kdos.a
LOAD /Users/scott/repo/oss/elf2x68k/m68k-xelf/lib/gcc/m68k-elf/13.3.0/../../../../m68k-elf/lib/libx68kiocs.a
END GROUP
LOAD /Users/scott/repo/oss/elf2x68k/m68k-xelf/lib/gcc/m68k-elf/13.3.0/crtend.o
OUTPUT(SSOS.X.elf elf32-m68k)

.debug_info     0x00000000     0xb446
 .debug_info    0x00000000       0x8d kernel/main.o
 .debug_info    0x0000008d       0xe0 kernel/crtc.o
 .debug_info    0x0000016d       0xb2 kernel/kernel.o
 .debug_info    0x0000021f      0x56e kernel/vram.o
 .debug_info    0x0000078d       0xdb /Users/scott/repo/oss/elf2x68k/m68k-xelf/lib/gcc/m68k-elf/13.3.0/../../../../m68k-elf/lib/libc.a(libc_a-strlen.o)
 .debug_info    0x00000868       0xfc /Users/scott/repo/oss/elf2x68k/m68k-xelf/lib/gcc/m68k-elf/13.3.0/../../../../m68k-elf/lib/libc.a(libc_a-atexit.o)
 .debug_info    0x00000964       0x6b /Users/scott/repo/oss/elf2x68k/m68k-xelf/lib/gcc/m68k-elf/13.3.0/../../../../m68k-elf/lib/libc.a(libc_a-environ.o)
 .debug_info    0x000009cf       0xee /Users/scott/repo/oss/elf2x68k/m68k-xelf/lib/gcc/m68k-elf/13.3.0/../../../../m68k-elf/lib/libc.a(libc_a-exit.o)
 .debug_info    0x00000abd      0x79a /Users/scott/repo/oss/elf2x68k/m68k-xelf/lib/gcc/m68k-elf/13.3.0/../../../../m68k-elf/lib/libc.a(libc_a-malloc.o)
 .debug_info    0x00001257      0xc34 /Users/scott/repo/oss/elf2x68k/m68k-xelf/lib/gcc/m68k-elf/13.3.0/../../../../m68k-elf/lib/libc.a(libc_a-mallocr.o)
 .debug_info    0x00001e8b      0x747 /Users/scott/repo/oss/elf2x68k/m68k-xelf/lib/gcc/m68k-elf/13.3.0/../../../../m68k-elf/lib/libc.a(libc_a-mlock.o)
 .debug_info    0x000025d2      0xdef /Users/scott/repo/oss/elf2x68k/m68k-xelf/lib/gcc/m68k-elf/13.3.0/../../../../m68k-elf/lib/libc.a(libc_a-findfp.o)
 .debug_info    0x000033c1      0x7d6 /Users/scott/repo/oss/elf2x68k/m68k-xelf/lib/gcc/m68k-elf/13.3.0/../../../../m68k-elf/lib/libc.a(libc_a-fwalk.o)
 .debug_info    0x00003b97      0x9ff /Users/scott/repo/oss/elf2x68k/m68k-xelf/lib/gcc/m68k-elf/13.3.0/../../../../m68k-elf/lib/libc.a(libc_a-stdio.o)
 .debug_info    0x00004596      0x129 /Users/scott/repo/oss/elf2x68k/m68k-xelf/lib/gcc/m68k-elf/13.3.0/../../../../m68k-elf/lib/libc.a(libc_a-strcat.o)
 .debug_info    0x000046bf      0x764 /Users/scott/repo/oss/elf2x68k/m68k-xelf/lib/gcc/m68k-elf/13.3.0/../../../../m68k-elf/lib/libc.a(libc_a-closer.o)
 .debug_info    0x00004e23      0x7fa /Users/scott/repo/oss/elf2x68k/m68k-xelf/lib/gcc/m68k-elf/13.3.0/../../../../m68k-elf/lib/libc.a(libc_a-reent.o)
 .debug_info    0x0000561d      0x735 /Users/scott/repo/oss/elf2x68k/m68k-xelf/lib/gcc/m68k-elf/13.3.0/../../../../m68k-elf/lib/libc.a(libc_a-impure.o)
 .debug_info    0x00005d52      0x7a3 /Users/scott/repo/oss/elf2x68k/m68k-xelf/lib/gcc/m68k-elf/13.3.0/../../../../m68k-elf/lib/libc.a(libc_a-lseekr.o)
 .debug_info    0x000064f5      0x796 /Users/scott/repo/oss/elf2x68k/m68k-xelf/lib/gcc/m68k-elf/13.3.0/../../../../m68k-elf/lib/libc.a(libc_a-readr.o)
 .debug_info    0x00006c8b      0x783 /Users/scott/repo/oss/elf2x68k/m68k-xelf/lib/gcc/m68k-elf/13.3.0/../../../../m68k-elf/lib/libc.a(libc_a-sbrkr.o)
 .debug_info    0x0000740e      0x79c /Users/scott/repo/oss/elf2x68k/m68k-xelf/lib/gcc/m68k-elf/13.3.0/../../../../m68k-elf/lib/libc.a(libc_a-writer.o)
 .debug_info    0x00007baa      0x71b /Users/scott/repo/oss/elf2x68k/m68k-xelf/lib/gcc/m68k-elf/13.3.0/../../../../m68k-elf/lib/libc.a(libc_a-errno.o)
 .debug_info    0x000082c5       0xe7 /Users/scott/repo/oss/elf2x68k/m68k-xelf/lib/gcc/m68k-elf/13.3.0/../../../../m68k-elf/lib/libc.a(libc_a-strcpy.o)
 .debug_info    0x000083ac       0x24 /Users/scott/repo/oss/elf2x68k/m68k-xelf/lib/gcc/m68k-elf/13.3.0/../../../../m68k-elf/lib/libc.a(libc_a-memset.o)
 .debug_info    0x000083d0      0x1f0 /Users/scott/repo/oss/elf2x68k/m68k-xelf/lib/gcc/m68k-elf/13.3.0/../../../../m68k-elf/lib/libc.a(libc_a-__atexit.o)
 .debug_info    0x000085c0      0x21b /Users/scott/repo/oss/elf2x68k/m68k-xelf/lib/gcc/m68k-elf/13.3.0/../../../../m68k-elf/lib/libc.a(libc_a-__call_atexit.o)
 .debug_info    0x000087db      0xac7 /Users/scott/repo/oss/elf2x68k/m68k-xelf/lib/gcc/m68k-elf/13.3.0/../../../../m68k-elf/lib/libc.a(libc_a-freer.o)
 .debug_info    0x000092a2      0x897 /Users/scott/repo/oss/elf2x68k/m68k-xelf/lib/gcc/m68k-elf/13.3.0/../../../../m68k-elf/lib/libc.a(libc_a-fclose.o)
 .debug_info    0x00009b39      0x9ca /Users/scott/repo/oss/elf2x68k/m68k-xelf/lib/gcc/m68k-elf/13.3.0/../../../../m68k-elf/lib/libc.a(libc_a-fflush.o)
 .debug_info    0x0000a503      0x74a /Users/scott/repo/oss/elf2x68k/m68k-xelf/lib/gcc/m68k-elf/13.3.0/../../../../m68k-elf/lib/libc.a(libc_a-strdup.o)
 .debug_info    0x0000ac4d      0x7d5 /Users/scott/repo/oss/elf2x68k/m68k-xelf/lib/gcc/m68k-elf/13.3.0/../../../../m68k-elf/lib/libc.a(libc_a-strdup_r.o)
 .debug_info    0x0000b422       0x24 /Users/scott/repo/oss/elf2x68k/m68k-xelf/lib/gcc/m68k-elf/13.3.0/../../../../m68k-elf/lib/libc.a(libc_a-memcpy.o)

.debug_abbrev   0x00000000     0x3331
 .debug_abbrev  0x00000000       0x41 kernel/main.o
 .debug_abbrev  0x00000041       0x9b kernel/crtc.o
 .debug_abbrev  0x000000dc       0x73 kernel/kernel.o
 .debug_abbrev  0x0000014f      0x1c9 kernel/vram.o
 .debug_abbrev  0x00000318       0x8a /Users/scott/repo/oss/elf2x68k/m68k-xelf/lib/gcc/m68k-elf/13.3.0/../../../../m68k-elf/lib/libc.a(libc_a-strlen.o)
 .debug_abbrev  0x000003a2       0xb2 /Users/scott/repo/oss/elf2x68k/m68k-xelf/lib/gcc/m68k-elf/13.3.0/../../../../m68k-elf/lib/libc.a(libc_a-atexit.o)
 .debug_abbrev  0x00000454       0x5b /Users/scott/repo/oss/elf2x68k/m68k-xelf/lib/gcc/m68k-elf/13.3.0/../../../../m68k-elf/lib/libc.a(libc_a-environ.o)
 .debug_abbrev  0x000004af       0xbe /Users/scott/repo/oss/elf2x68k/m68k-xelf/lib/gcc/m68k-elf/13.3.0/../../../../m68k-elf/lib/libc.a(libc_a-exit.o)
 .debug_abbrev  0x0000056d      0x1fc /Users/scott/repo/oss/elf2x68k/m68k-xelf/lib/gcc/m68k-elf/13.3.0/../../../../m68k-elf/lib/libc.a(libc_a-malloc.o)
 .debug_abbrev  0x00000769      0x2c8 /Users/scott/repo/oss/elf2x68k/m68k-xelf/lib/gcc/m68k-elf/13.3.0/../../../../m68k-elf/lib/libc.a(libc_a-mallocr.o)
 .debug_abbrev  0x00000a31      0x1ce /Users/scott/repo/oss/elf2x68k/m68k-xelf/lib/gcc/m68k-elf/13.3.0/../../../../m68k-elf/lib/libc.a(libc_a-mlock.o)
 .debug_abbrev  0x00000bff      0x41c /Users/scott/repo/oss/elf2x68k/m68k-xelf/lib/gcc/m68k-elf/13.3.0/../../../../m68k-elf/lib/libc.a(libc_a-findfp.o)
 .debug_abbrev  0x0000101b      0x1d6 /Users/scott/repo/oss/elf2x68k/m68k-xelf/lib/gcc/m68k-elf/13.3.0/../../../../m68k-elf/lib/libc.a(libc_a-fwalk.o)
 .debug_abbrev  0x000011f1      0x243 /Users/scott/repo/oss/elf2x68k/m68k-xelf/lib/gcc/m68k-elf/13.3.0/../../../../m68k-elf/lib/libc.a(libc_a-stdio.o)
 .debug_abbrev  0x00001434       0xdc /Users/scott/repo/oss/elf2x68k/m68k-xelf/lib/gcc/m68k-elf/13.3.0/../../../../m68k-elf/lib/libc.a(libc_a-strcat.o)
 .debug_abbrev  0x00001510      0x1e0 /Users/scott/repo/oss/elf2x68k/m68k-xelf/lib/gcc/m68k-elf/13.3.0/../../../../m68k-elf/lib/libc.a(libc_a-closer.o)
 .debug_abbrev  0x000016f0      0x207 /Users/scott/repo/oss/elf2x68k/m68k-xelf/lib/gcc/m68k-elf/13.3.0/../../../../m68k-elf/lib/libc.a(libc_a-reent.o)
 .debug_abbrev  0x000018f7      0x185 /Users/scott/repo/oss/elf2x68k/m68k-xelf/lib/gcc/m68k-elf/13.3.0/../../../../m68k-elf/lib/libc.a(libc_a-impure.o)
 .debug_abbrev  0x00001a7c      0x1f1 /Users/scott/repo/oss/elf2x68k/m68k-xelf/lib/gcc/m68k-elf/13.3.0/../../../../m68k-elf/lib/libc.a(libc_a-lseekr.o)
 .debug_abbrev  0x00001c6d      0x1e0 /Users/scott/repo/oss/elf2x68k/m68k-xelf/lib/gcc/m68k-elf/13.3.0/../../../../m68k-elf/lib/libc.a(libc_a-readr.o)
 .debug_abbrev  0x00001e4d      0x1f3 /Users/scott/repo/oss/elf2x68k/m68k-xelf/lib/gcc/m68k-elf/13.3.0/../../../../m68k-elf/lib/libc.a(libc_a-sbrkr.o)
 .debug_abbrev  0x00002040      0x1e5 /Users/scott/repo/oss/elf2x68k/m68k-xelf/lib/gcc/m68k-elf/13.3.0/../../../../m68k-elf/lib/libc.a(libc_a-writer.o)
 .debug_abbrev  0x00002225      0x19a /Users/scott/repo/oss/elf2x68k/m68k-xelf/lib/gcc/m68k-elf/13.3.0/../../../../m68k-elf/lib/libc.a(libc_a-errno.o)
 .debug_abbrev  0x000023bf       0x90 /Users/scott/repo/oss/elf2x68k/m68k-xelf/lib/gcc/m68k-elf/13.3.0/../../../../m68k-elf/lib/libc.a(libc_a-strcpy.o)
 .debug_abbrev  0x0000244f       0x14 /Users/scott/repo/oss/elf2x68k/m68k-xelf/lib/gcc/m68k-elf/13.3.0/../../../../m68k-elf/lib/libc.a(libc_a-memset.o)
 .debug_abbrev  0x00002463      0x13f /Users/scott/repo/oss/elf2x68k/m68k-xelf/lib/gcc/m68k-elf/13.3.0/../../../../m68k-elf/lib/libc.a(libc_a-__atexit.o)
 .debug_abbrev  0x000025a2      0x154 /Users/scott/repo/oss/elf2x68k/m68k-xelf/lib/gcc/m68k-elf/13.3.0/../../../../m68k-elf/lib/libc.a(libc_a-__call_atexit.o)
 .debug_abbrev  0x000026f6      0x274 /Users/scott/repo/oss/elf2x68k/m68k-xelf/lib/gcc/m68k-elf/13.3.0/../../../../m68k-elf/lib/libc.a(libc_a-freer.o)
 .debug_abbrev  0x0000296a      0x2c1 /Users/scott/repo/oss/elf2x68k/m68k-xelf/lib/gcc/m68k-elf/13.3.0/../../../../m68k-elf/lib/libc.a(libc_a-fclose.o)
 .debug_abbrev  0x00002c2b      0x311 /Users/scott/repo/oss/elf2x68k/m68k-xelf/lib/gcc/m68k-elf/13.3.0/../../../../m68k-elf/lib/libc.a(libc_a-fflush.o)
 .debug_abbrev  0x00002f3c      0x1cb /Users/scott/repo/oss/elf2x68k/m68k-xelf/lib/gcc/m68k-elf/13.3.0/../../../../m68k-elf/lib/libc.a(libc_a-strdup.o)
 .debug_abbrev  0x00003107      0x216 /Users/scott/repo/oss/elf2x68k/m68k-xelf/lib/gcc/m68k-elf/13.3.0/../../../../m68k-elf/lib/libc.a(libc_a-strdup_r.o)
 .debug_abbrev  0x0000331d       0x14 /Users/scott/repo/oss/elf2x68k/m68k-xelf/lib/gcc/m68k-elf/13.3.0/../../../../m68k-elf/lib/libc.a(libc_a-memcpy.o)

.debug_aranges  0x00000000      0x410
 .debug_aranges
                0x00000000       0x20 kernel/main.o
 .debug_aranges
                0x00000020       0x20 kernel/crtc.o
 .debug_aranges
                0x00000040       0x20 kernel/kernel.o
 .debug_aranges
                0x00000060       0x20 kernel/vram.o
 .debug_aranges
                0x00000080       0x20 /Users/scott/repo/oss/elf2x68k/m68k-xelf/lib/gcc/m68k-elf/13.3.0/../../../../m68k-elf/lib/libc.a(libc_a-strlen.o)
 .debug_aranges
                0x000000a0       0x20 /Users/scott/repo/oss/elf2x68k/m68k-xelf/lib/gcc/m68k-elf/13.3.0/../../../../m68k-elf/lib/libc.a(libc_a-atexit.o)
 .debug_aranges
                0x000000c0       0x18 /Users/scott/repo/oss/elf2x68k/m68k-xelf/lib/gcc/m68k-elf/13.3.0/../../../../m68k-elf/lib/libc.a(libc_a-environ.o)
 .debug_aranges
                0x000000d8       0x20 /Users/scott/repo/oss/elf2x68k/m68k-xelf/lib/gcc/m68k-elf/13.3.0/../../../../m68k-elf/lib/libc.a(libc_a-exit.o)
 .debug_aranges
                0x000000f8       0x20 /Users/scott/repo/oss/elf2x68k/m68k-xelf/lib/gcc/m68k-elf/13.3.0/../../../../m68k-elf/lib/libc.a(libc_a-malloc.o)
 .debug_aranges
                0x00000118       0x20 /Users/scott/repo/oss/elf2x68k/m68k-xelf/lib/gcc/m68k-elf/13.3.0/../../../../m68k-elf/lib/libc.a(libc_a-mallocr.o)
 .debug_aranges
                0x00000138       0x20 /Users/scott/repo/oss/elf2x68k/m68k-xelf/lib/gcc/m68k-elf/13.3.0/../../../../m68k-elf/lib/libc.a(libc_a-mlock.o)
 .debug_aranges
                0x00000158       0x20 /Users/scott/repo/oss/elf2x68k/m68k-xelf/lib/gcc/m68k-elf/13.3.0/../../../../m68k-elf/lib/libc.a(libc_a-findfp.o)
 .debug_aranges
                0x00000178       0x20 /Users/scott/repo/oss/elf2x68k/m68k-xelf/lib/gcc/m68k-elf/13.3.0/../../../../m68k-elf/lib/libc.a(libc_a-fwalk.o)
 .debug_aranges
                0x00000198       0x20 /Users/scott/repo/oss/elf2x68k/m68k-xelf/lib/gcc/m68k-elf/13.3.0/../../../../m68k-elf/lib/libc.a(libc_a-stdio.o)
 .debug_aranges
                0x000001b8       0x20 /Users/scott/repo/oss/elf2x68k/m68k-xelf/lib/gcc/m68k-elf/13.3.0/../../../../m68k-elf/lib/libc.a(libc_a-strcat.o)
 .debug_aranges
                0x000001d8       0x20 /Users/scott/repo/oss/elf2x68k/m68k-xelf/lib/gcc/m68k-elf/13.3.0/../../../../m68k-elf/lib/libc.a(libc_a-closer.o)
 .debug_aranges
                0x000001f8       0x20 /Users/scott/repo/oss/elf2x68k/m68k-xelf/lib/gcc/m68k-elf/13.3.0/../../../../m68k-elf/lib/libc.a(libc_a-reent.o)
 .debug_aranges
                0x00000218       0x18 /Users/scott/repo/oss/elf2x68k/m68k-xelf/lib/gcc/m68k-elf/13.3.0/../../../../m68k-elf/lib/libc.a(libc_a-impure.o)
 .debug_aranges
                0x00000230       0x20 /Users/scott/repo/oss/elf2x68k/m68k-xelf/lib/gcc/m68k-elf/13.3.0/../../../../m68k-elf/lib/libc.a(libc_a-lseekr.o)
 .debug_aranges
                0x00000250       0x20 /Users/scott/repo/oss/elf2x68k/m68k-xelf/lib/gcc/m68k-elf/13.3.0/../../../../m68k-elf/lib/libc.a(libc_a-readr.o)
 .debug_aranges
                0x00000270       0x20 /Users/scott/repo/oss/elf2x68k/m68k-xelf/lib/gcc/m68k-elf/13.3.0/../../../../m68k-elf/lib/libc.a(libc_a-sbrkr.o)
 .debug_aranges
                0x00000290       0x20 /Users/scott/repo/oss/elf2x68k/m68k-xelf/lib/gcc/m68k-elf/13.3.0/../../../../m68k-elf/lib/libc.a(libc_a-writer.o)
 .debug_aranges
                0x000002b0       0x20 /Users/scott/repo/oss/elf2x68k/m68k-xelf/lib/gcc/m68k-elf/13.3.0/../../../../m68k-elf/lib/libc.a(libc_a-errno.o)
 .debug_aranges
                0x000002d0       0x20 /Users/scott/repo/oss/elf2x68k/m68k-xelf/lib/gcc/m68k-elf/13.3.0/../../../../m68k-elf/lib/libc.a(libc_a-strcpy.o)
 .debug_aranges
                0x000002f0       0x20 /Users/scott/repo/oss/elf2x68k/m68k-xelf/lib/gcc/m68k-elf/13.3.0/../../../../m68k-elf/lib/libc.a(libc_a-memset.o)
 .debug_aranges
                0x00000310       0x20 /Users/scott/repo/oss/elf2x68k/m68k-xelf/lib/gcc/m68k-elf/13.3.0/../../../../m68k-elf/lib/libc.a(libc_a-__atexit.o)
 .debug_aranges
                0x00000330       0x20 /Users/scott/repo/oss/elf2x68k/m68k-xelf/lib/gcc/m68k-elf/13.3.0/../../../../m68k-elf/lib/libc.a(libc_a-__call_atexit.o)
 .debug_aranges
                0x00000350       0x20 /Users/scott/repo/oss/elf2x68k/m68k-xelf/lib/gcc/m68k-elf/13.3.0/../../../../m68k-elf/lib/libc.a(libc_a-freer.o)
 .debug_aranges
                0x00000370       0x20 /Users/scott/repo/oss/elf2x68k/m68k-xelf/lib/gcc/m68k-elf/13.3.0/../../../../m68k-elf/lib/libc.a(libc_a-fclose.o)
 .debug_aranges
                0x00000390       0x20 /Users/scott/repo/oss/elf2x68k/m68k-xelf/lib/gcc/m68k-elf/13.3.0/../../../../m68k-elf/lib/libc.a(libc_a-fflush.o)
 .debug_aranges
                0x000003b0       0x20 /Users/scott/repo/oss/elf2x68k/m68k-xelf/lib/gcc/m68k-elf/13.3.0/../../../../m68k-elf/lib/libc.a(libc_a-strdup.o)
 .debug_aranges
                0x000003d0       0x20 /Users/scott/repo/oss/elf2x68k/m68k-xelf/lib/gcc/m68k-elf/13.3.0/../../../../m68k-elf/lib/libc.a(libc_a-strdup_r.o)
 .debug_aranges
                0x000003f0       0x20 /Users/scott/repo/oss/elf2x68k/m68k-xelf/lib/gcc/m68k-elf/13.3.0/../../../../m68k-elf/lib/libc.a(libc_a-memcpy.o)

.debug_rnglists
                0x00000000      0x139
 .debug_rnglists
                0x00000000       0x13 kernel/main.o
 .debug_rnglists
                0x00000013       0x2d kernel/vram.o
 .debug_rnglists
                0x00000040       0x30 /Users/scott/repo/oss/elf2x68k/m68k-xelf/lib/gcc/m68k-elf/13.3.0/../../../../m68k-elf/lib/libc.a(libc_a-mallocr.o)
 .debug_rnglists
                0x00000070       0x22 /Users/scott/repo/oss/elf2x68k/m68k-xelf/lib/gcc/m68k-elf/13.3.0/../../../../m68k-elf/lib/libc.a(libc_a-findfp.o)
 .debug_rnglists
                0x00000092       0x13 /Users/scott/repo/oss/elf2x68k/m68k-xelf/lib/gcc/m68k-elf/13.3.0/../../../../m68k-elf/lib/libc.a(libc_a-strcat.o)
 .debug_rnglists
                0x000000a5       0x1f /Users/scott/repo/oss/elf2x68k/m68k-xelf/lib/gcc/m68k-elf/13.3.0/../../../../m68k-elf/lib/libc.a(libc_a-__call_atexit.o)
 .debug_rnglists
                0x000000c4       0x1f /Users/scott/repo/oss/elf2x68k/m68k-xelf/lib/gcc/m68k-elf/13.3.0/../../../../m68k-elf/lib/libc.a(libc_a-fclose.o)
 .debug_rnglists
                0x000000e3       0x56 /Users/scott/repo/oss/elf2x68k/m68k-xelf/lib/gcc/m68k-elf/13.3.0/../../../../m68k-elf/lib/libc.a(libc_a-fflush.o)

.debug_line     0x00000000     0x4c2b
 .debug_line    0x00000000       0x47 kernel/main.o
 .debug_line    0x00000047       0xf2 kernel/crtc.o
 .debug_line    0x00000139       0x85 kernel/kernel.o
 .debug_line    0x000001be      0x62c kernel/vram.o
 .debug_line    0x000007ea      0x160 /Users/scott/repo/oss/elf2x68k/m68k-xelf/lib/gcc/m68k-elf/13.3.0/../../../../m68k-elf/lib/libc.a(libc_a-strlen.o)
 .debug_line    0x0000094a      0x10e /Users/scott/repo/oss/elf2x68k/m68k-xelf/lib/gcc/m68k-elf/13.3.0/../../../../m68k-elf/lib/libc.a(libc_a-atexit.o)
 .debug_line    0x00000a58       0x80 /Users/scott/repo/oss/elf2x68k/m68k-xelf/lib/gcc/m68k-elf/13.3.0/../../../../m68k-elf/lib/libc.a(libc_a-environ.o)
 .debug_line    0x00000ad8      0x18b /Users/scott/repo/oss/elf2x68k/m68k-xelf/lib/gcc/m68k-elf/13.3.0/../../../../m68k-elf/lib/libc.a(libc_a-exit.o)
 .debug_line    0x00000c63      0x1dd /Users/scott/repo/oss/elf2x68k/m68k-xelf/lib/gcc/m68k-elf/13.3.0/../../../../m68k-elf/lib/libc.a(libc_a-malloc.o)
 .debug_line    0x00000e40      0xa04 /Users/scott/repo/oss/elf2x68k/m68k-xelf/lib/gcc/m68k-elf/13.3.0/../../../../m68k-elf/lib/libc.a(libc_a-mallocr.o)
 .debug_line    0x00001844      0x1d3 /Users/scott/repo/oss/elf2x68k/m68k-xelf/lib/gcc/m68k-elf/13.3.0/../../../../m68k-elf/lib/libc.a(libc_a-mlock.o)
 .debug_line    0x00001a17      0x5ba /Users/scott/repo/oss/elf2x68k/m68k-xelf/lib/gcc/m68k-elf/13.3.0/../../../../m68k-elf/lib/libc.a(libc_a-findfp.o)
 .debug_line    0x00001fd1      0x233 /Users/scott/repo/oss/elf2x68k/m68k-xelf/lib/gcc/m68k-elf/13.3.0/../../../../m68k-elf/lib/libc.a(libc_a-fwalk.o)
 .debug_line    0x00002204      0x2a6 /Users/scott/repo/oss/elf2x68k/m68k-xelf/lib/gcc/m68k-elf/13.3.0/../../../../m68k-elf/lib/libc.a(libc_a-stdio.o)
 .debug_line    0x000024aa      0x146 /Users/scott/repo/oss/elf2x68k/m68k-xelf/lib/gcc/m68k-elf/13.3.0/../../../../m68k-elf/lib/libc.a(libc_a-strcat.o)
 .debug_line    0x000025f0      0x206 /Users/scott/repo/oss/elf2x68k/m68k-xelf/lib/gcc/m68k-elf/13.3.0/../../../../m68k-elf/lib/libc.a(libc_a-closer.o)
 .debug_line    0x000027f6      0x268 /Users/scott/repo/oss/elf2x68k/m68k-xelf/lib/gcc/m68k-elf/13.3.0/../../../../m68k-elf/lib/libc.a(libc_a-reent.o)
 .debug_line    0x00002a5e      0x14f /Users/scott/repo/oss/elf2x68k/m68k-xelf/lib/gcc/m68k-elf/13.3.0/../../../../m68k-elf/lib/libc.a(libc_a-impure.o)
 .debug_line    0x00002bad      0x211 /Users/scott/repo/oss/elf2x68k/m68k-xelf/lib/gcc/m68k-elf/13.3.0/../../../../m68k-elf/lib/libc.a(libc_a-lseekr.o)
 .debug_line    0x00002dbe      0x205 /Users/scott/repo/oss/elf2x68k/m68k-xelf/lib/gcc/m68k-elf/13.3.0/../../../../m68k-elf/lib/libc.a(libc_a-readr.o)
 .debug_line    0x00002fc3      0x1fa /Users/scott/repo/oss/elf2x68k/m68k-xelf/lib/gcc/m68k-elf/13.3.0/../../../../m68k-elf/lib/libc.a(libc_a-sbrkr.o)
 .debug_line    0x000031bd      0x206 /Users/scott/repo/oss/elf2x68k/m68k-xelf/lib/gcc/m68k-elf/13.3.0/../../../../m68k-elf/lib/libc.a(libc_a-writer.o)
 .debug_line    0x000033c3      0x171 /Users/scott/repo/oss/elf2x68k/m68k-xelf/lib/gcc/m68k-elf/13.3.0/../../../../m68k-elf/lib/libc.a(libc_a-errno.o)
 .debug_line    0x00003534      0x108 /Users/scott/repo/oss/elf2x68k/m68k-xelf/lib/gcc/m68k-elf/13.3.0/../../../../m68k-elf/lib/libc.a(libc_a-strcpy.o)
 .debug_line    0x0000363c       0x6d /Users/scott/repo/oss/elf2x68k/m68k-xelf/lib/gcc/m68k-elf/13.3.0/../../../../m68k-elf/lib/libc.a(libc_a-memset.o)
 .debug_line    0x000036a9      0x1a5 /Users/scott/repo/oss/elf2x68k/m68k-xelf/lib/gcc/m68k-elf/13.3.0/../../../../m68k-elf/lib/libc.a(libc_a-__atexit.o)
 .debug_line    0x0000384e      0x221 /Users/scott/repo/oss/elf2x68k/m68k-xelf/lib/gcc/m68k-elf/13.3.0/../../../../m68k-elf/lib/libc.a(libc_a-__call_atexit.o)
 .debug_line    0x00003a6f      0x5dd /Users/scott/repo/oss/elf2x68k/m68k-xelf/lib/gcc/m68k-elf/13.3.0/../../../../m68k-elf/lib/libc.a(libc_a-freer.o)
 .debug_line    0x0000404c      0x2d7 /Users/scott/repo/oss/elf2x68k/m68k-xelf/lib/gcc/m68k-elf/13.3.0/../../../../m68k-elf/lib/libc.a(libc_a-fclose.o)
 .debug_line    0x00004323      0x4ce /Users/scott/repo/oss/elf2x68k/m68k-xelf/lib/gcc/m68k-elf/13.3.0/../../../../m68k-elf/lib/libc.a(libc_a-fflush.o)
 .debug_line    0x000047f1      0x1d1 /Users/scott/repo/oss/elf2x68k/m68k-xelf/lib/gcc/m68k-elf/13.3.0/../../../../m68k-elf/lib/libc.a(libc_a-strdup.o)
 .debug_line    0x000049c2      0x200 /Users/scott/repo/oss/elf2x68k/m68k-xelf/lib/gcc/m68k-elf/13.3.0/../../../../m68k-elf/lib/libc.a(libc_a-strdup_r.o)
 .debug_line    0x00004bc2       0x69 /Users/scott/repo/oss/elf2x68k/m68k-xelf/lib/gcc/m68k-elf/13.3.0/../../../../m68k-elf/lib/libc.a(libc_a-memcpy.o)

.debug_str      0x00000000     0x173a
 .debug_str     0x00000000     0x173a kernel/main.o
                                0x128 (size before relaxing)
 .debug_str     0x0000173a      0x150 kernel/crtc.o
 .debug_str     0x0000173a      0x134 kernel/kernel.o
 .debug_str     0x0000173a      0x2b1 kernel/vram.o
 .debug_str     0x0000173a      0x1aa /Users/scott/repo/oss/elf2x68k/m68k-xelf/lib/gcc/m68k-elf/13.3.0/../../../../m68k-elf/lib/libc.a(libc_a-strlen.o)
 .debug_str     0x0000173a      0x1e1 /Users/scott/repo/oss/elf2x68k/m68k-xelf/lib/gcc/m68k-elf/13.3.0/../../../../m68k-elf/lib/libc.a(libc_a-atexit.o)
 .debug_str     0x0000173a      0x12d /Users/scott/repo/oss/elf2x68k/m68k-xelf/lib/gcc/m68k-elf/13.3.0/../../../../m68k-elf/lib/libc.a(libc_a-environ.o)
 .debug_str     0x0000173a      0x1ca /Users/scott/repo/oss/elf2x68k/m68k-xelf/lib/gcc/m68k-elf/13.3.0/../../../../m68k-elf/lib/libc.a(libc_a-exit.o)
 .debug_str     0x0000173a      0x4e5 /Users/scott/repo/oss/elf2x68k/m68k-xelf/lib/gcc/m68k-elf/13.3.0/../../../../m68k-elf/lib/libc.a(libc_a-malloc.o)
 .debug_str     0x0000173a      0x6e0 /Users/scott/repo/oss/elf2x68k/m68k-xelf/lib/gcc/m68k-elf/13.3.0/../../../../m68k-elf/lib/libc.a(libc_a-mallocr.o)
 .debug_str     0x0000173a      0x4de /Users/scott/repo/oss/elf2x68k/m68k-xelf/lib/gcc/m68k-elf/13.3.0/../../../../m68k-elf/lib/libc.a(libc_a-mlock.o)
 .debug_str     0x0000173a      0x6c8 /Users/scott/repo/oss/elf2x68k/m68k-xelf/lib/gcc/m68k-elf/13.3.0/../../../../m68k-elf/lib/libc.a(libc_a-findfp.o)
 .debug_str     0x0000173a      0x4d0 /Users/scott/repo/oss/elf2x68k/m68k-xelf/lib/gcc/m68k-elf/13.3.0/../../../../m68k-elf/lib/libc.a(libc_a-fwalk.o)
 .debug_str     0x0000173a      0x524 /Users/scott/repo/oss/elf2x68k/m68k-xelf/lib/gcc/m68k-elf/13.3.0/../../../../m68k-elf/lib/libc.a(libc_a-stdio.o)
 .debug_str     0x0000173a      0x1af /Users/scott/repo/oss/elf2x68k/m68k-xelf/lib/gcc/m68k-elf/13.3.0/../../../../m68k-elf/lib/libc.a(libc_a-strcat.o)
 .debug_str     0x0000173a      0x4bc /Users/scott/repo/oss/elf2x68k/m68k-xelf/lib/gcc/m68k-elf/13.3.0/../../../../m68k-elf/lib/libc.a(libc_a-closer.o)
 .debug_str     0x0000173a      0x4df /Users/scott/repo/oss/elf2x68k/m68k-xelf/lib/gcc/m68k-elf/13.3.0/../../../../m68k-elf/lib/libc.a(libc_a-reent.o)
 .debug_str     0x0000173a      0x4c5 /Users/scott/repo/oss/elf2x68k/m68k-xelf/lib/gcc/m68k-elf/13.3.0/../../../../m68k-elf/lib/libc.a(libc_a-impure.o)
 .debug_str     0x0000173a      0x4d1 /Users/scott/repo/oss/elf2x68k/m68k-xelf/lib/gcc/m68k-elf/13.3.0/../../../../m68k-elf/lib/libc.a(libc_a-lseekr.o)
 .debug_str     0x0000173a      0x4c0 /Users/scott/repo/oss/elf2x68k/m68k-xelf/lib/gcc/m68k-elf/13.3.0/../../../../m68k-elf/lib/libc.a(libc_a-readr.o)
 .debug_str     0x0000173a      0x4c8 /Users/scott/repo/oss/elf2x68k/m68k-xelf/lib/gcc/m68k-elf/13.3.0/../../../../m68k-elf/lib/libc.a(libc_a-sbrkr.o)
 .debug_str     0x0000173a      0x4c3 /Users/scott/repo/oss/elf2x68k/m68k-xelf/lib/gcc/m68k-elf/13.3.0/../../../../m68k-elf/lib/libc.a(libc_a-writer.o)
 .debug_str     0x0000173a      0x4ba /Users/scott/repo/oss/elf2x68k/m68k-xelf/lib/gcc/m68k-elf/13.3.0/../../../../m68k-elf/lib/libc.a(libc_a-errno.o)
 .debug_str     0x0000173a      0x1a8 /Users/scott/repo/oss/elf2x68k/m68k-xelf/lib/gcc/m68k-elf/13.3.0/../../../../m68k-elf/lib/libc.a(libc_a-strcpy.o)
 .debug_str     0x0000173a       0xc6 /Users/scott/repo/oss/elf2x68k/m68k-xelf/lib/gcc/m68k-elf/13.3.0/../../../../m68k-elf/lib/libc.a(libc_a-memset.o)
 .debug_str     0x0000173a      0x24c /Users/scott/repo/oss/elf2x68k/m68k-xelf/lib/gcc/m68k-elf/13.3.0/../../../../m68k-elf/lib/libc.a(libc_a-__atexit.o)
 .debug_str     0x0000173a      0x23b /Users/scott/repo/oss/elf2x68k/m68k-xelf/lib/gcc/m68k-elf/13.3.0/../../../../m68k-elf/lib/libc.a(libc_a-__call_atexit.o)
 .debug_str     0x0000173a      0x628 /Users/scott/repo/oss/elf2x68k/m68k-xelf/lib/gcc/m68k-elf/13.3.0/../../../../m68k-elf/lib/libc.a(libc_a-freer.o)
 .debug_str     0x0000173a      0x51f /Users/scott/repo/oss/elf2x68k/m68k-xelf/lib/gcc/m68k-elf/13.3.0/../../../../m68k-elf/lib/libc.a(libc_a-fclose.o)
 .debug_str     0x0000173a      0x547 /Users/scott/repo/oss/elf2x68k/m68k-xelf/lib/gcc/m68k-elf/13.3.0/../../../../m68k-elf/lib/libc.a(libc_a-fflush.o)
 .debug_str     0x0000173a      0x4c5 /Users/scott/repo/oss/elf2x68k/m68k-xelf/lib/gcc/m68k-elf/13.3.0/../../../../m68k-elf/lib/libc.a(libc_a-strdup.o)
 .debug_str     0x0000173a      0x4e2 /Users/scott/repo/oss/elf2x68k/m68k-xelf/lib/gcc/m68k-elf/13.3.0/../../../../m68k-elf/lib/libc.a(libc_a-strdup_r.o)
 .debug_str     0x0000173a       0xc6 /Users/scott/repo/oss/elf2x68k/m68k-xelf/lib/gcc/m68k-elf/13.3.0/../../../../m68k-elf/lib/libc.a(libc_a-memcpy.o)

.debug_frame    0x00000000      0xa2c
 .debug_frame   0x00000000       0x24 kernel/main.o
 .debug_frame   0x00000024       0x24 kernel/crtc.o
 .debug_frame   0x00000048       0x24 kernel/kernel.o
 .debug_frame   0x0000006c      0x148 kernel/vram.o
 .debug_frame   0x000001b4       0x24 /Users/scott/repo/oss/elf2x68k/m68k-xelf/lib/gcc/m68k-elf/13.3.0/../../../../m68k-elf/lib/libc.a(libc_a-strlen.o)
 .debug_frame   0x000001d8       0x34 /Users/scott/repo/oss/elf2x68k/m68k-xelf/lib/gcc/m68k-elf/13.3.0/../../../../m68k-elf/lib/libc.a(libc_a-atexit.o)
 .debug_frame   0x0000020c       0x38 /Users/scott/repo/oss/elf2x68k/m68k-xelf/lib/gcc/m68k-elf/13.3.0/../../../../m68k-elf/lib/libc.a(libc_a-exit.o)
 .debug_frame   0x00000244       0x4c /Users/scott/repo/oss/elf2x68k/m68k-xelf/lib/gcc/m68k-elf/13.3.0/../../../../m68k-elf/lib/libc.a(libc_a-malloc.o)
 .debug_frame   0x00000290       0xa4 /Users/scott/repo/oss/elf2x68k/m68k-xelf/lib/gcc/m68k-elf/13.3.0/../../../../m68k-elf/lib/libc.a(libc_a-mallocr.o)
 .debug_frame   0x00000334       0x34 /Users/scott/repo/oss/elf2x68k/m68k-xelf/lib/gcc/m68k-elf/13.3.0/../../../../m68k-elf/lib/libc.a(libc_a-mlock.o)
 .debug_frame   0x00000368      0x15c /Users/scott/repo/oss/elf2x68k/m68k-xelf/lib/gcc/m68k-elf/13.3.0/../../../../m68k-elf/lib/libc.a(libc_a-findfp.o)
 .debug_frame   0x000004c4       0x3c /Users/scott/repo/oss/elf2x68k/m68k-xelf/lib/gcc/m68k-elf/13.3.0/../../../../m68k-elf/lib/libc.a(libc_a-fwalk.o)
 .debug_frame   0x00000500       0xa8 /Users/scott/repo/oss/elf2x68k/m68k-xelf/lib/gcc/m68k-elf/13.3.0/../../../../m68k-elf/lib/libc.a(libc_a-stdio.o)
 .debug_frame   0x000005a8       0x34 /Users/scott/repo/oss/elf2x68k/m68k-xelf/lib/gcc/m68k-elf/13.3.0/../../../../m68k-elf/lib/libc.a(libc_a-strcat.o)
 .debug_frame   0x000005dc       0x2c /Users/scott/repo/oss/elf2x68k/m68k-xelf/lib/gcc/m68k-elf/13.3.0/../../../../m68k-elf/lib/libc.a(libc_a-closer.o)
 .debug_frame   0x00000608       0x5c /Users/scott/repo/oss/elf2x68k/m68k-xelf/lib/gcc/m68k-elf/13.3.0/../../../../m68k-elf/lib/libc.a(libc_a-reent.o)
 .debug_frame   0x00000664       0x30 /Users/scott/repo/oss/elf2x68k/m68k-xelf/lib/gcc/m68k-elf/13.3.0/../../../../m68k-elf/lib/libc.a(libc_a-lseekr.o)
 .debug_frame   0x00000694       0x30 /Users/scott/repo/oss/elf2x68k/m68k-xelf/lib/gcc/m68k-elf/13.3.0/../../../../m68k-elf/lib/libc.a(libc_a-readr.o)
 .debug_frame   0x000006c4       0x2c /Users/scott/repo/oss/elf2x68k/m68k-xelf/lib/gcc/m68k-elf/13.3.0/../../../../m68k-elf/lib/libc.a(libc_a-sbrkr.o)
 .debug_frame   0x000006f0       0x30 /Users/scott/repo/oss/elf2x68k/m68k-xelf/lib/gcc/m68k-elf/13.3.0/../../../../m68k-elf/lib/libc.a(libc_a-writer.o)
 .debug_frame   0x00000720       0x24 /Users/scott/repo/oss/elf2x68k/m68k-xelf/lib/gcc/m68k-elf/13.3.0/../../../../m68k-elf/lib/libc.a(libc_a-errno.o)
 .debug_frame   0x00000744       0x24 /Users/scott/repo/oss/elf2x68k/m68k-xelf/lib/gcc/m68k-elf/13.3.0/../../../../m68k-elf/lib/libc.a(libc_a-strcpy.o)
 .debug_frame   0x00000768       0x2c /Users/scott/repo/oss/elf2x68k/m68k-xelf/lib/gcc/m68k-elf/13.3.0/../../../../m68k-elf/lib/libc.a(libc_a-__atexit.o)
 .debug_frame   0x00000794       0x48 /Users/scott/repo/oss/elf2x68k/m68k-xelf/lib/gcc/m68k-elf/13.3.0/../../../../m68k-elf/lib/libc.a(libc_a-__call_atexit.o)
 .debug_frame   0x000007dc       0x90 /Users/scott/repo/oss/elf2x68k/m68k-xelf/lib/gcc/m68k-elf/13.3.0/../../../../m68k-elf/lib/libc.a(libc_a-freer.o)
 .debug_frame   0x0000086c       0x7c /Users/scott/repo/oss/elf2x68k/m68k-xelf/lib/gcc/m68k-elf/13.3.0/../../../../m68k-elf/lib/libc.a(libc_a-fclose.o)
 .debug_frame   0x000008e8       0xcc /Users/scott/repo/oss/elf2x68k/m68k-xelf/lib/gcc/m68k-elf/13.3.0/../../../../m68k-elf/lib/libc.a(libc_a-fflush.o)
 .debug_frame   0x000009b4       0x30 /Users/scott/repo/oss/elf2x68k/m68k-xelf/lib/gcc/m68k-elf/13.3.0/../../../../m68k-elf/lib/libc.a(libc_a-strdup.o)
 .debug_frame   0x000009e4       0x48 /Users/scott/repo/oss/elf2x68k/m68k-xelf/lib/gcc/m68k-elf/13.3.0/../../../../m68k-elf/lib/libc.a(libc_a-strdup_r.o)

.debug_loclists
                0x00000000     0x15dd
 .debug_loclists
                0x00000000      0x250 kernel/vram.o
 .debug_loclists
                0x00000250       0x25 /Users/scott/repo/oss/elf2x68k/m68k-xelf/lib/gcc/m68k-elf/13.3.0/../../../../m68k-elf/lib/libc.a(libc_a-strlen.o)
 .debug_loclists
                0x00000275      0x954 /Users/scott/repo/oss/elf2x68k/m68k-xelf/lib/gcc/m68k-elf/13.3.0/../../../../m68k-elf/lib/libc.a(libc_a-mallocr.o)
 .debug_loclists
                0x00000bc9      0x19a /Users/scott/repo/oss/elf2x68k/m68k-xelf/lib/gcc/m68k-elf/13.3.0/../../../../m68k-elf/lib/libc.a(libc_a-findfp.o)
 .debug_loclists
                0x00000d63       0x62 /Users/scott/repo/oss/elf2x68k/m68k-xelf/lib/gcc/m68k-elf/13.3.0/../../../../m68k-elf/lib/libc.a(libc_a-fwalk.o)
 .debug_loclists
                0x00000dc5       0x92 /Users/scott/repo/oss/elf2x68k/m68k-xelf/lib/gcc/m68k-elf/13.3.0/../../../../m68k-elf/lib/libc.a(libc_a-stdio.o)
 .debug_loclists
                0x00000e57       0x3b /Users/scott/repo/oss/elf2x68k/m68k-xelf/lib/gcc/m68k-elf/13.3.0/../../../../m68k-elf/lib/libc.a(libc_a-strcat.o)
 .debug_loclists
                0x00000e92       0x14 /Users/scott/repo/oss/elf2x68k/m68k-xelf/lib/gcc/m68k-elf/13.3.0/../../../../m68k-elf/lib/libc.a(libc_a-closer.o)
 .debug_loclists
                0x00000ea6       0x3c /Users/scott/repo/oss/elf2x68k/m68k-xelf/lib/gcc/m68k-elf/13.3.0/../../../../m68k-elf/lib/libc.a(libc_a-reent.o)
 .debug_loclists
                0x00000ee2       0x14 /Users/scott/repo/oss/elf2x68k/m68k-xelf/lib/gcc/m68k-elf/13.3.0/../../../../m68k-elf/lib/libc.a(libc_a-lseekr.o)
 .debug_loclists
                0x00000ef6       0x14 /Users/scott/repo/oss/elf2x68k/m68k-xelf/lib/gcc/m68k-elf/13.3.0/../../../../m68k-elf/lib/libc.a(libc_a-readr.o)
 .debug_loclists
                0x00000f0a       0x14 /Users/scott/repo/oss/elf2x68k/m68k-xelf/lib/gcc/m68k-elf/13.3.0/../../../../m68k-elf/lib/libc.a(libc_a-sbrkr.o)
 .debug_loclists
                0x00000f1e       0x14 /Users/scott/repo/oss/elf2x68k/m68k-xelf/lib/gcc/m68k-elf/13.3.0/../../../../m68k-elf/lib/libc.a(libc_a-writer.o)
 .debug_loclists
                0x00000f32       0x28 /Users/scott/repo/oss/elf2x68k/m68k-xelf/lib/gcc/m68k-elf/13.3.0/../../../../m68k-elf/lib/libc.a(libc_a-strcpy.o)
 .debug_loclists
                0x00000f5a       0x3e /Users/scott/repo/oss/elf2x68k/m68k-xelf/lib/gcc/m68k-elf/13.3.0/../../../../m68k-elf/lib/libc.a(libc_a-__atexit.o)
 .debug_loclists
                0x00000f98       0xce /Users/scott/repo/oss/elf2x68k/m68k-xelf/lib/gcc/m68k-elf/13.3.0/../../../../m68k-elf/lib/libc.a(libc_a-__call_atexit.o)
 .debug_loclists
                0x00001066      0x383 /Users/scott/repo/oss/elf2x68k/m68k-xelf/lib/gcc/m68k-elf/13.3.0/../../../../m68k-elf/lib/libc.a(libc_a-freer.o)
 .debug_loclists
                0x000013e9       0x6c /Users/scott/repo/oss/elf2x68k/m68k-xelf/lib/gcc/m68k-elf/13.3.0/../../../../m68k-elf/lib/libc.a(libc_a-fclose.o)
 .debug_loclists
                0x00001455      0x15e /Users/scott/repo/oss/elf2x68k/m68k-xelf/lib/gcc/m68k-elf/13.3.0/../../../../m68k-elf/lib/libc.a(libc_a-fflush.o)
 .debug_loclists
                0x000015b3       0x2a /Users/scott/repo/oss/elf2x68k/m68k-xelf/lib/gcc/m68k-elf/13.3.0/../../../../m68k-elf/lib/libc.a(libc_a-strdup_r.o)

.debug_line_str
                0x00000000       0xc3
 .debug_line_str
                0x00000000       0xc3 /Users/scott/repo/oss/elf2x68k/m68k-xelf/lib/gcc/m68k-elf/13.3.0/../../../../m68k-elf/lib/libc.a(libc_a-memset.o)
                                 0xba (size before relaxing)
 .debug_line_str
                0x000000c3       0xba /Users/scott/repo/oss/elf2x68k/m68k-xelf/lib/gcc/m68k-elf/13.3.0/../../../../m68k-elf/lib/libc.a(libc_a-memcpy.o)
